Archive member included to satisfy reference by file (symbol)

/usr/lib/gcc/arm-none-eabi/10.3.1/thumb/v6-m/nofp/libgcc.a(_dvmd_tls.o)
                              main/CMakeFiles/main.dir/home/gaston/raspberry_pico/pico/pico-sdk/src/rp2_common/pico_divider/divider.S.obj (__aeabi_idiv0)
/usr/lib/gcc/arm-none-eabi/10.3.1/../../../arm-none-eabi/lib/thumb/v6-m/nofp/libg.a(lib_a-atexit.o)
                              /usr/lib/gcc/arm-none-eabi/10.3.1/../../../arm-none-eabi/lib/thumb/v6-m/nofp/crt0.o (atexit)
/usr/lib/gcc/arm-none-eabi/10.3.1/../../../arm-none-eabi/lib/thumb/v6-m/nofp/libg.a(lib_a-calloc.o)
                              main/CMakeFiles/main.dir/home/gaston/raspberry_pico/pico/pico-sdk/src/rp2_common/pico_malloc/pico_malloc.c.obj (calloc)
/usr/lib/gcc/arm-none-eabi/10.3.1/../../../arm-none-eabi/lib/thumb/v6-m/nofp/libg.a(lib_a-callocr.o)
                              /usr/lib/gcc/arm-none-eabi/10.3.1/../../../arm-none-eabi/lib/thumb/v6-m/nofp/libg.a(lib_a-calloc.o) (_calloc_r)
/usr/lib/gcc/arm-none-eabi/10.3.1/../../../arm-none-eabi/lib/thumb/v6-m/nofp/libg.a(lib_a-ctype_.o)
                              main/CMakeFiles/main.dir/home/gaston/raspberry_pico/pico/pico-sdk/lib/tinyusb/src/tusb.c.obj (_ctype_)
/usr/lib/gcc/arm-none-eabi/10.3.1/../../../arm-none-eabi/lib/thumb/v6-m/nofp/libg.a(lib_a-fini.o)
                              /usr/lib/gcc/arm-none-eabi/10.3.1/../../../arm-none-eabi/lib/thumb/v6-m/nofp/crt0.o (__libc_fini_array)
/usr/lib/gcc/arm-none-eabi/10.3.1/../../../arm-none-eabi/lib/thumb/v6-m/nofp/libg.a(lib_a-impure.o)
                              /usr/lib/gcc/arm-none-eabi/10.3.1/../../../arm-none-eabi/lib/thumb/v6-m/nofp/libg.a(lib_a-calloc.o) (_impure_ptr)
/usr/lib/gcc/arm-none-eabi/10.3.1/../../../arm-none-eabi/lib/thumb/v6-m/nofp/libg.a(lib_a-init.o)
                              /usr/lib/gcc/arm-none-eabi/10.3.1/../../../arm-none-eabi/lib/thumb/v6-m/nofp/crt0.o (__libc_init_array)
/usr/lib/gcc/arm-none-eabi/10.3.1/../../../arm-none-eabi/lib/thumb/v6-m/nofp/libg.a(lib_a-malloc.o)
                              main/CMakeFiles/main.dir/home/gaston/raspberry_pico/pico/pico-sdk/src/rp2_common/pico_malloc/pico_malloc.c.obj (malloc)
/usr/lib/gcc/arm-none-eabi/10.3.1/../../../arm-none-eabi/lib/thumb/v6-m/nofp/libg.a(lib_a-mallocr.o)
                              /usr/lib/gcc/arm-none-eabi/10.3.1/../../../arm-none-eabi/lib/thumb/v6-m/nofp/libg.a(lib_a-callocr.o) (_malloc_r)
/usr/lib/gcc/arm-none-eabi/10.3.1/../../../arm-none-eabi/lib/thumb/v6-m/nofp/libg.a(lib_a-mlock.o)
                              /usr/lib/gcc/arm-none-eabi/10.3.1/../../../arm-none-eabi/lib/thumb/v6-m/nofp/libg.a(lib_a-mallocr.o) (__malloc_lock)
/usr/lib/gcc/arm-none-eabi/10.3.1/../../../arm-none-eabi/lib/thumb/v6-m/nofp/libg.a(lib_a-realloc.o)
                              main/CMakeFiles/main.dir/home/gaston/raspberry_pico/pico/pico-sdk/src/rp2_common/pico_malloc/pico_malloc.c.obj (realloc)
/usr/lib/gcc/arm-none-eabi/10.3.1/../../../arm-none-eabi/lib/thumb/v6-m/nofp/libg.a(lib_a-reallocr.o)
                              /usr/lib/gcc/arm-none-eabi/10.3.1/../../../arm-none-eabi/lib/thumb/v6-m/nofp/libg.a(lib_a-realloc.o) (_realloc_r)
/usr/lib/gcc/arm-none-eabi/10.3.1/../../../arm-none-eabi/lib/thumb/v6-m/nofp/libg.a(lib_a-sbrkr.o)
                              /usr/lib/gcc/arm-none-eabi/10.3.1/../../../arm-none-eabi/lib/thumb/v6-m/nofp/libg.a(lib_a-mallocr.o) (_sbrk_r)
/usr/lib/gcc/arm-none-eabi/10.3.1/../../../arm-none-eabi/lib/thumb/v6-m/nofp/libg.a(lib_a-strlen-stub.o)
                              main/CMakeFiles/main.dir/home/gaston/raspberry_pico/pico/pico-sdk/src/rp2_common/pico_stdio/stdio.c.obj (strlen)
/usr/lib/gcc/arm-none-eabi/10.3.1/../../../arm-none-eabi/lib/thumb/v6-m/nofp/libg.a(lib_a-__atexit.o)
                              /usr/lib/gcc/arm-none-eabi/10.3.1/../../../arm-none-eabi/lib/thumb/v6-m/nofp/libg.a(lib_a-atexit.o) (__register_exitproc)
/usr/lib/gcc/arm-none-eabi/10.3.1/../../../arm-none-eabi/lib/thumb/v6-m/nofp/libg.a(lib_a-freer.o)
                              /usr/lib/gcc/arm-none-eabi/10.3.1/../../../arm-none-eabi/lib/thumb/v6-m/nofp/libg.a(lib_a-malloc.o) (_free_r)
/usr/lib/gcc/arm-none-eabi/10.3.1/../../../arm-none-eabi/lib/thumb/v6-m/nofp/libg.a(lib_a-memmove.o)
                              /usr/lib/gcc/arm-none-eabi/10.3.1/../../../arm-none-eabi/lib/thumb/v6-m/nofp/libg.a(lib_a-reallocr.o) (memmove)
/usr/lib/gcc/arm-none-eabi/10.3.1/../../../arm-none-eabi/lib/thumb/v6-m/nofp/libg.a(lib_a-reent.o)
                              /usr/lib/gcc/arm-none-eabi/10.3.1/../../../arm-none-eabi/lib/thumb/v6-m/nofp/libg.a(lib_a-sbrkr.o) (errno)

Discarded input sections

 .text          0x0000000000000000        0x0 /usr/lib/gcc/arm-none-eabi/10.3.1/thumb/v6-m/nofp/crti.o
 .data          0x0000000000000000        0x0 /usr/lib/gcc/arm-none-eabi/10.3.1/thumb/v6-m/nofp/crti.o
 .bss           0x0000000000000000        0x0 /usr/lib/gcc/arm-none-eabi/10.3.1/thumb/v6-m/nofp/crti.o
[...]
Memory Configuration

Name             Origin             Length             Attributes
FLASH            0x0000000010000000 0x0000000000200000 xr
RAM              0x0000000020000000 0x0000000000040000 xrw
SCRATCH_X        0x0000000020040000 0x0000000000001000 xrw
SCRATCH_Y        0x0000000020041000 0x0000000000001000 xrw
*default*        0x0000000000000000 0xffffffffffffffff

Linker script and memory map

LOAD /usr/lib/gcc/arm-none-eabi/10.3.1/thumb/v6-m/nofp/crti.o
LOAD /usr/lib/gcc/arm-none-eabi/10.3.1/thumb/v6-m/nofp/crtbegin.o
LOAD /usr/lib/gcc/arm-none-eabi/10.3.1/../../../arm-none-eabi/lib/thumb/v6-m/nofp/crt0.o

.flash_begin    0x0000000010000000        0x0
                0x0000000010000000                __flash_binary_start = .

.boot2          0x0000000010000000      0x100
                0x0000000010000000                __boot2_start__ = .
 *(.boot2)
 .boot2         0x0000000010000000      0x100 /tmp/cchinseC.o
                0x0000000010000100                __boot2_end__ = .
                0x0000000000000001                ASSERT (((__boot2_end__ - __boot2_start__) == 0x100), ERROR: Pico second stage bootloader must be 256 bytes in size)

.text           0x0000000010000100     0x3cb8
                0x0000000010000100                __logical_binary_start = .
 *(.vectors)
 .vectors       0x0000000010000100       0xd4 main/CMakeFiles/main.dir/home/gaston/raspberry_pico/pico/pico-sdk/src/rp2_common/pico_standard_link/crt0.S.obj
                0x0000000010000100                __vectors
                0x0000000010000100                __VECTOR_TABLE
                0x00000000100001c0                isr_invalid
                0x00000000100001c0                __default_isrs_start
                0x00000000100001c2                isr_nmi
                0x00000000100001c4                isr_hardfault
                0x00000000100001c6                isr_svcall
                0x00000000100001c8                isr_pendsv
                0x00000000100001ca                isr_systick
                0x00000000100001cc                isr_irq30
                0x00000000100001cc                __unhandled_user_irq
                0x00000000100001cc                isr_irq13
                0x00000000100001cc                isr_irq27
                0x00000000100001cc                isr_irq31
                0x00000000100001cc                isr_irq5
                0x00000000100001cc                isr_irq11
                0x00000000100001cc                isr_irq23
                0x00000000100001cc                isr_irq18
                0x00000000100001cc                isr_irq28
                0x00000000100001cc                isr_irq19
                0x00000000100001cc                isr_irq0
                0x00000000100001cc                isr_irq6
                0x00000000100001cc                isr_irq22
                0x00000000100001cc                isr_irq17
                0x00000000100001cc                isr_irq14
                0x00000000100001cc                isr_irq2
                0x00000000100001cc                isr_irq10
                0x00000000100001cc                isr_irq8
                0x00000000100001cc                isr_irq24
                0x00000000100001cc                isr_irq1
                0x00000000100001cc                isr_irq7
                0x00000000100001cc                isr_irq21
                0x00000000100001cc                isr_irq20
                0x00000000100001cc                isr_irq15
                0x00000000100001cc                isr_irq25
                0x00000000100001cc                isr_irq4
                0x00000000100001cc                isr_irq16
                0x00000000100001cc                isr_irq29
                0x00000000100001cc                isr_irq26
                0x00000000100001cc                __default_isrs_end
                0x00000000100001cc                isr_irq3
                0x00000000100001cc                isr_irq12
                0x00000000100001cc                isr_irq9
                0x00000000100001d2                unhandled_user_irq_num_in_r0
 *(.binary_info_header)
 .binary_info_header
                0x00000000100001d4       0x14 main/CMakeFiles/main.dir/home/gaston/raspberry_pico/pico/pico-sdk/src/rp2_common/pico_standard_link/crt0.S.obj
                0x00000000100001e8                __binary_info_header_end = .
 *(.reset)
 .reset         0x00000000100001e8       0xa8 main/CMakeFiles/main.dir/home/gaston/raspberry_pico/pico/pico-sdk/src/rp2_common/pico_standard_link/crt0.S.obj
                0x00000000100001e8                _entry_point
                0x0000000010000266                __get_current_exception
 .reset         0x0000000010000290       0x30 main/CMakeFiles/main.dir/home/gaston/raspberry_pico/pico/pico-sdk/src/rp2_common/pico_standard_link/binary_info.c.obj
 *(.init)
 .init          0x00000000100002c0        0x4 /usr/lib/gcc/arm-none-eabi/10.3.1/thumb/v6-m/nofp/crti.o
                0x00000000100002c0                _init
 *(EXCLUDE_FILE(*libm.a: *libc.a:*lib_a-mem*.o *libgcc.a:) .text*)
 .text          0x00000000100002c4       0x98 /usr/lib/gcc/arm-none-eabi/10.3.1/thumb/v6-m/nofp/crtbegin.o
 .text.main     0x000000001000035c        0x2 main/CMakeFiles/main.dir/main.c.obj
                0x000000001000035c                main
 *fill*         0x000000001000035e        0x2 
 .text.hw_claim_lock
                0x0000000010000360       0x18 main/CMakeFiles/main.dir/home/gaston/raspberry_pico/pico/pico-sdk/src/rp2_common/hardware_claim/claim.c.obj
                0x0000000010000360                hw_claim_lock
 .text.hw_claim_unlock
                0x0000000010000378       0x14 main/CMakeFiles/main.dir/home/gaston/raspberry_pico/pico/pico-sdk/src/rp2_common/hardware_claim/claim.c.obj
                0x0000000010000378                hw_claim_unlock
 .text.hw_claim_or_assert
                0x000000001000038c       0x32 main/CMakeFiles/main.dir/home/gaston/raspberry_pico/pico/pico-sdk/src/rp2_common/hardware_claim/claim.c.obj
                0x000000001000038c                hw_claim_or_assert
 *fill*         0x00000000100003be        0x2 
 .text.running_on_fpga
                0x00000000100003c0       0x14 main/CMakeFiles/main.dir/home/gaston/raspberry_pico/pico/pico-sdk/src/rp2_common/pico_platform/platform.c.obj
                0x00000000100003c0                running_on_fpga
 .text.spin_locks_reset
                0x00000000100003d4       0x20 main/CMakeFiles/main.dir/home/gaston/raspberry_pico/pico/pico-sdk/src/rp2_common/hardware_sync/sync.c.obj
                0x00000000100003d4                spin_locks_reset
 .text.next_striped_spin_lock_num
                0x00000000100003f4       0x1c main/CMakeFiles/main.dir/home/gaston/raspberry_pico/pico/pico-sdk/src/rp2_common/hardware_sync/sync.c.obj
                0x00000000100003f4                next_striped_spin_lock_num
 .text.set_raw_irq_handler_and_unlock
                0x0000000010000410       0x28 main/CMakeFiles/main.dir/home/gaston/raspberry_pico/pico/pico-sdk/src/rp2_common/hardware_irq/irq.c.obj
 .text.make_branch
                0x0000000010000438       0x48 main/CMakeFiles/main.dir/home/gaston/raspberry_pico/pico/pico-sdk/src/rp2_common/hardware_irq/irq.c.obj
 .text.insert_branch_and_link
                0x0000000010000480       0x40 main/CMakeFiles/main.dir/home/gaston/raspberry_pico/pico/pico-sdk/src/rp2_common/hardware_irq/irq.c.obj
 .text.irq_is_enabled
                0x00000000100004c0       0x18 main/CMakeFiles/main.dir/home/gaston/raspberry_pico/pico/pico-sdk/src/rp2_common/hardware_irq/irq.c.obj
                0x00000000100004c0                irq_is_enabled
 .text.irq_set_mask_enabled
                0x00000000100004d8       0x20 main/CMakeFiles/main.dir/home/gaston/raspberry_pico/pico/pico-sdk/src/rp2_common/hardware_irq/irq.c.obj
                0x00000000100004d8                irq_set_mask_enabled
 .text.irq_set_enabled
                0x00000000100004f8        0xe main/CMakeFiles/main.dir/home/gaston/raspberry_pico/pico/pico-sdk/src/rp2_common/hardware_irq/irq.c.obj
                0x00000000100004f8                irq_set_enabled
 *fill*         0x0000000010000506        0x2 
 .text.irq_get_vtable_handler
                0x0000000010000508       0x10 main/CMakeFiles/main.dir/home/gaston/raspberry_pico/pico/pico-sdk/src/rp2_common/hardware_irq/irq.c.obj
                0x0000000010000508                irq_get_vtable_handler
 .text.irq_set_exclusive_handler
                0x0000000010000518       0x54 main/CMakeFiles/main.dir/home/gaston/raspberry_pico/pico/pico-sdk/src/rp2_common/hardware_irq/irq.c.obj
                0x0000000010000518                irq_set_exclusive_handler
 .text.irq_remove_handler
                0x000000001000056c      0x1a8 main/CMakeFiles/main.dir/home/gaston/raspberry_pico/pico/pico-sdk/src/rp2_common/hardware_irq/irq.c.obj
                0x000000001000056c                irq_remove_handler
 .text.irq_add_tail_to_free_list
                0x0000000010000714       0xf0 main/CMakeFiles/main.dir/home/gaston/raspberry_pico/pico/pico-sdk/src/rp2_common/hardware_irq/irq.c.obj
                0x0000000010000714                irq_add_tail_to_free_list
 .text.irq_init_priorities
                0x0000000010000804       0x1c main/CMakeFiles/main.dir/home/gaston/raspberry_pico/pico/pico-sdk/src/rp2_common/hardware_irq/irq.c.obj
                0x0000000010000804                irq_init_priorities
 .text.lock_init
                0x0000000010000820       0x10 main/CMakeFiles/main.dir/home/gaston/raspberry_pico/pico/pico-sdk/src/common/pico_sync/lock_core.c.obj
                0x0000000010000820                lock_init
 .text.alarm_pool_post_alloc_init
                0x0000000010000830       0x40 main/CMakeFiles/main.dir/home/gaston/raspberry_pico/pico/pico-sdk/src/common/pico_time/time.c.obj
 .text.timer_pool_entry_comparator
                0x0000000010000870       0x7c main/CMakeFiles/main.dir/home/gaston/raspberry_pico/pico/pico-sdk/src/common/pico_time/time.c.obj
                0x0000000010000870                timer_pool_entry_comparator
 .text.ph_add_child_node
                0x00000000100008ec       0xa4 main/CMakeFiles/main.dir/home/gaston/raspberry_pico/pico/pico-sdk/src/common/pico_time/time.c.obj
 .text.ph_merge_nodes
                0x0000000010000990       0x3e main/CMakeFiles/main.dir/home/gaston/raspberry_pico/pico/pico-sdk/src/common/pico_time/time.c.obj
 *fill*         0x00000000100009ce        0x2 
 .text.add_alarm_under_lock
                0x00000000100009d0      0x174 main/CMakeFiles/main.dir/home/gaston/raspberry_pico/pico/pico-sdk/src/common/pico_time/time.c.obj
 .text.alarm_pool_alarm_callback
                0x0000000010000b44      0x328 main/CMakeFiles/main.dir/home/gaston/raspberry_pico/pico/pico-sdk/src/common/pico_time/time.c.obj
 .text.alarm_pool_init_default
                0x0000000010000e6c       0x38 main/CMakeFiles/main.dir/home/gaston/raspberry_pico/pico/pico-sdk/src/common/pico_time/time.c.obj
                0x0000000010000e6c                alarm_pool_init_default
 .text.hardware_alarm_irq_handler
                0x0000000010000ea4       0x8c main/CMakeFiles/main.dir/home/gaston/raspberry_pico/pico/pico-sdk/src/rp2_common/hardware_timer/timer.c.obj
 .text.hardware_alarm_claim
                0x0000000010000f30       0x18 main/CMakeFiles/main.dir/home/gaston/raspberry_pico/pico/pico-sdk/src/rp2_common/hardware_timer/timer.c.obj
                0x0000000010000f30                hardware_alarm_claim
 .text.time_us_64
                0x0000000010000f48       0x18 main/CMakeFiles/main.dir/home/gaston/raspberry_pico/pico/pico-sdk/src/rp2_common/hardware_timer/timer.c.obj
                0x0000000010000f48                time_us_64
 .text.hardware_alarm_set_callback
                0x0000000010000f60       0x90 main/CMakeFiles/main.dir/home/gaston/raspberry_pico/pico/pico-sdk/src/rp2_common/hardware_timer/timer.c.obj
                0x0000000010000f60                hardware_alarm_set_callback
 .text.hardware_alarm_set_target
                0x0000000010000ff0       0xe8 main/CMakeFiles/main.dir/home/gaston/raspberry_pico/pico/pico-sdk/src/rp2_common/hardware_timer/timer.c.obj
                0x0000000010000ff0                hardware_alarm_set_target
 .text.hardware_alarm_cancel
                0x00000000100010d8       0x40 main/CMakeFiles/main.dir/home/gaston/raspberry_pico/pico/pico-sdk/src/rp2_common/hardware_timer/timer.c.obj
                0x00000000100010d8                hardware_alarm_cancel
 .text.ph_add_child_node
                0x0000000010001118       0xa4 main/CMakeFiles/main.dir/home/gaston/raspberry_pico/pico/pico-sdk/src/common/pico_util/pheap.c.obj
 .text.ph_merge_nodes
                0x00000000100011bc       0x3e main/CMakeFiles/main.dir/home/gaston/raspberry_pico/pico/pico-sdk/src/common/pico_util/pheap.c.obj
 *fill*         0x00000000100011fa        0x2 
 .text.ph_clear
                0x00000000100011fc       0x70 main/CMakeFiles/main.dir/home/gaston/raspberry_pico/pico/pico-sdk/src/common/pico_util/pheap.c.obj
                0x00000000100011fc                ph_clear
 .text.ph_post_alloc_init
                0x000000001000126c        0xe main/CMakeFiles/main.dir/home/gaston/raspberry_pico/pico/pico-sdk/src/common/pico_util/pheap.c.obj
                0x000000001000126c                ph_post_alloc_init
 *fill*         0x000000001000127a        0x2 
 .text.ph_merge_two_pass
                0x000000001000127c       0xa8 main/CMakeFiles/main.dir/home/gaston/raspberry_pico/pico/pico-sdk/src/common/pico_util/pheap.c.obj
                0x000000001000127c                ph_merge_two_pass
 .text.ph_remove_any_head
                0x0000000010001324      0x108 main/CMakeFiles/main.dir/home/gaston/raspberry_pico/pico/pico-sdk/src/common/pico_util/pheap.c.obj
 .text.ph_remove_head
                0x000000001000142c       0x14 main/CMakeFiles/main.dir/home/gaston/raspberry_pico/pico/pico-sdk/src/common/pico_util/pheap.c.obj
                0x000000001000142c                ph_remove_head
 .text.ph_remove_and_free_node
                0x0000000010001440       0xf8 main/CMakeFiles/main.dir/home/gaston/raspberry_pico/pico/pico-sdk/src/common/pico_util/pheap.c.obj
                0x0000000010001440                ph_remove_and_free_node
 .text.mutex_init
                0x0000000010001538       0x1a main/CMakeFiles/main.dir/home/gaston/raspberry_pico/pico/pico-sdk/src/common/pico_sync/mutex.c.obj
                0x0000000010001538                mutex_init
 .text.recursive_mutex_init
                0x0000000010001552       0x1e main/CMakeFiles/main.dir/home/gaston/raspberry_pico/pico/pico-sdk/src/common/pico_sync/mutex.c.obj
                0x0000000010001552                recursive_mutex_init
 .text._exit    0x0000000010001570        0x4 main/CMakeFiles/main.dir/home/gaston/raspberry_pico/pico/pico-sdk/src/rp2_common/pico_runtime/runtime.c.obj
                0x0000000010001570                _exit
 .text.exit     0x0000000010001574        0x6 main/CMakeFiles/main.dir/home/gaston/raspberry_pico/pico/pico-sdk/src/rp2_common/pico_runtime/runtime.c.obj
                0x0000000010001574                exit
 *fill*         0x000000001000157a        0x2 
 .text.__assert_func
                0x000000001000157c       0x3c main/CMakeFiles/main.dir/home/gaston/raspberry_pico/pico/pico-sdk/src/rp2_common/pico_runtime/runtime.c.obj
                0x000000001000157c                __assert_func
 .text.runtime_init
                0x00000000100015b8       0xf8 main/CMakeFiles/main.dir/home/gaston/raspberry_pico/pico/pico-sdk/src/rp2_common/pico_runtime/runtime.c.obj
                0x00000000100015b8                runtime_init
 .text.panic    0x00000000100016b0       0x30 main/CMakeFiles/main.dir/home/gaston/raspberry_pico/pico/pico-sdk/src/rp2_common/pico_runtime/runtime.c.obj
                0x00000000100016b0                panic
 .text.clock_configure
                0x00000000100016e0      0x104 main/CMakeFiles/main.dir/home/gaston/raspberry_pico/pico/pico-sdk/src/rp2_common/hardware_clocks/clocks.c.obj
                0x00000000100016e0                clock_configure
 .text.clocks_init
                0x00000000100017e4      0x100 main/CMakeFiles/main.dir/home/gaston/raspberry_pico/pico/pico-sdk/src/rp2_common/hardware_clocks/clocks.c.obj
                0x00000000100017e4                clocks_init
 .text.pll_init
                0x00000000100018e4      0x140 main/CMakeFiles/main.dir/home/gaston/raspberry_pico/pico/pico-sdk/src/rp2_common/hardware_pll/pll.c.obj
                0x00000000100018e4                pll_init
 .text.watchdog_start_tick
                0x0000000010001a24       0x10 main/CMakeFiles/main.dir/home/gaston/raspberry_pico/pico/pico-sdk/src/rp2_common/hardware_watchdog/watchdog.c.obj
                0x0000000010001a24                watchdog_start_tick
 .text.xosc_init
                0x0000000010001a34       0x28 main/CMakeFiles/main.dir/home/gaston/raspberry_pico/pico/pico-sdk/src/rp2_common/hardware_xosc/xosc.c.obj
                0x0000000010001a34                xosc_init
 .text._out_null
                0x0000000010001a5c        0x2 main/CMakeFiles/main.dir/home/gaston/raspberry_pico/pico/pico-sdk/src/rp2_common/pico_printf/printf.c.obj
 .text._out_fct
                0x0000000010001a5e        0xe main/CMakeFiles/main.dir/home/gaston/raspberry_pico/pico/pico-sdk/src/rp2_common/pico_printf/printf.c.obj
 .text._atoi    0x0000000010001a6c       0x24 main/CMakeFiles/main.dir/home/gaston/raspberry_pico/pico/pico-sdk/src/rp2_common/pico_printf/printf.c.obj
 .text._out_rev
                0x0000000010001a90       0xae main/CMakeFiles/main.dir/home/gaston/raspberry_pico/pico/pico-sdk/src/rp2_common/pico_printf/printf.c.obj
 .text._ntoa_format
                0x0000000010001b3e      0x112 main/CMakeFiles/main.dir/home/gaston/raspberry_pico/pico/pico-sdk/src/rp2_common/pico_printf/printf.c.obj
 .text._ntoa_long
                0x0000000010001c50       0xbc main/CMakeFiles/main.dir/home/gaston/raspberry_pico/pico/pico-sdk/src/rp2_common/pico_printf/printf.c.obj
 .text._ntoa_long_long
                0x0000000010001d0c       0xe2 main/CMakeFiles/main.dir/home/gaston/raspberry_pico/pico/pico-sdk/src/rp2_common/pico_printf/printf.c.obj
 *fill*         0x0000000010001dee        0x2 
 .text._etoa    0x0000000010001df0      0x414 main/CMakeFiles/main.dir/home/gaston/raspberry_pico/pico/pico-sdk/src/rp2_common/pico_printf/printf.c.obj
 .text._ftoa    0x0000000010002204      0x354 main/CMakeFiles/main.dir/home/gaston/raspberry_pico/pico/pico-sdk/src/rp2_common/pico_printf/printf.c.obj
 .text._vsnprintf
                0x0000000010002558      0x624 main/CMakeFiles/main.dir/home/gaston/raspberry_pico/pico/pico-sdk/src/rp2_common/pico_printf/printf.c.obj
 .text.vfctprintf
                0x0000000010002b7c       0x20 main/CMakeFiles/main.dir/home/gaston/raspberry_pico/pico/pico-sdk/src/rp2_common/pico_printf/printf.c.obj
                0x0000000010002b7c                vfctprintf
 .text          0x0000000010002b9c       0x10 main/CMakeFiles/main.dir/home/gaston/raspberry_pico/pico/pico-sdk/src/rp2_common/pico_bit_ops/bit_ops_aeabi.S.obj
 .text.rom_func_lookup
                0x0000000010002bac       0x10 main/CMakeFiles/main.dir/home/gaston/raspberry_pico/pico/pico-sdk/src/rp2_common/pico_bootrom/bootrom.c.obj
                0x0000000010002bac                rom_func_lookup
 .text.rom_data_lookup
                0x0000000010002bbc       0x10 main/CMakeFiles/main.dir/home/gaston/raspberry_pico/pico/pico-sdk/src/rp2_common/pico_bootrom/bootrom.c.obj
                0x0000000010002bbc                rom_data_lookup
 .text.rom_funcs_lookup
                0x0000000010002bcc       0x36 main/CMakeFiles/main.dir/home/gaston/raspberry_pico/pico/pico-sdk/src/rp2_common/pico_bootrom/bootrom.c.obj
                0x0000000010002bcc                rom_funcs_lookup
 *fill*         0x0000000010002c02        0x2 
 .text.__wrap___aeabi_idiv
                0x0000000010002c04       0x50 main/CMakeFiles/main.dir/home/gaston/raspberry_pico/pico/pico-sdk/src/rp2_common/pico_divider/divider.S.obj
                0x0000000010002c04                __wrap___aeabi_idivmod
                0x0000000010002c04                divmod_s32s32
                0x0000000010002c04                div_s32s32
                0x0000000010002c04                __wrap___aeabi_idiv
                0x0000000010002c0c                divmod_s32s32_unsafe
                0x0000000010002c38                divmod_s32s32_savestate
 .text.__wrap___aeabi_uidiv
                0x0000000010002c54       0x4c main/CMakeFiles/main.dir/home/gaston/raspberry_pico/pico/pico-sdk/src/rp2_common/pico_divider/divider.S.obj
                0x0000000010002c54                __wrap___aeabi_uidiv
                0x0000000010002c54                __wrap___aeabi_uidivmod
                0x0000000010002c54                div_u32u32
                0x0000000010002c54                divmod_u32u32
                0x0000000010002c5c                divmod_u32u32_unsafe
                0x0000000010002c84                divmod_u32u32_savestate
 .text.__wrap___aeabi_ldiv
                0x0000000010002ca0      0x434 main/CMakeFiles/main.dir/home/gaston/raspberry_pico/pico/pico-sdk/src/rp2_common/pico_divider/divider.S.obj
                0x0000000010002ca0                div_s64s64
                0x0000000010002ca0                divmod_s64s64
                0x0000000010002ca0                __wrap___aeabi_ldivmod
                0x0000000010002cd8                div_u64u64
                0x0000000010002cd8                divmod_u64u64
                0x0000000010002cd8                __wrap___aeabi_uldivmod
                0x0000000010002ce8                divmod_u64u64_savestate
                0x0000000010002d10                divmod_s64s64_unsafe
                0x0000000010002d98                divmod_u64u64_unsafe
 .text.__wrap___aeabi_darithmetic
                0x00000000100030d4       0x80 main/CMakeFiles/main.dir/home/gaston/raspberry_pico/pico/pico-sdk/src/rp2_common/pico_double/double_aeabi.S.obj
                0x00000000100030d4                __wrap___aeabi_drsub
                0x00000000100030da                __wrap___aeabi_dsub
                0x00000000100030ec                __wrap___aeabi_dadd
                0x00000000100030fe                __wrap___aeabi_ddiv
                0x000000001000313a                __wrap___aeabi_dmul
 .text.__wrap___aeabi_cdcmple
                0x0000000010003154       0x6c main/CMakeFiles/main.dir/home/gaston/raspberry_pico/pico/pico-sdk/src/rp2_common/pico_double/double_aeabi.S.obj
                0x0000000010003154                __wrap___aeabi_cdrcmple
                0x0000000010003164                __wrap___aeabi_cdcmple
                0x0000000010003164                __wrap___aeabi_cdcmpeq
 .text.__wrap___aeabi_dcmplt
                0x00000000100031c0        0xc main/CMakeFiles/main.dir/home/gaston/raspberry_pico/pico/pico-sdk/src/rp2_common/pico_double/double_aeabi.S.obj
                0x00000000100031c0                __wrap___aeabi_dcmplt
 .text.__wrap___aeabi_dcmple
                0x00000000100031cc       0x10 main/CMakeFiles/main.dir/home/gaston/raspberry_pico/pico/pico-sdk/src/rp2_common/pico_double/double_aeabi.S.obj
                0x00000000100031cc                __wrap___aeabi_dcmple
 .text.__wrap___aeabi_dcmpge
                0x00000000100031dc       0x10 main/CMakeFiles/main.dir/home/gaston/raspberry_pico/pico/pico-sdk/src/rp2_common/pico_double/double_aeabi.S.obj
                0x00000000100031dc                __wrap___aeabi_dcmpge
 .text.__wrap___aeabi_dcmpgt
                0x00000000100031ec        0xa main/CMakeFiles/main.dir/home/gaston/raspberry_pico/pico/pico-sdk/src/rp2_common/pico_double/double_aeabi.S.obj
                0x00000000100031ec                __wrap___aeabi_dcmpgt
 .text.__wrap___aeabi_dcmpun
                0x00000000100031f6       0x1c main/CMakeFiles/main.dir/home/gaston/raspberry_pico/pico/pico-sdk/src/rp2_common/pico_double/double_aeabi.S.obj
                0x00000000100031f6                __wrap___aeabi_dcmpun
 *fill*         0x0000000010003212        0x2 
 .text.__wrap___aeabi_i2d
                0x0000000010003214       0x38 main/CMakeFiles/main.dir/home/gaston/raspberry_pico/pico/pico-sdk/src/rp2_common/pico_double/double_aeabi.S.obj
                0x0000000010003214                __wrap___aeabi_ui2d
                0x000000001000321c                __wrap___aeabi_i2d
 .text.__wrap___aeabi_d2iz
                0x000000001000324c       0x48 main/CMakeFiles/main.dir/home/gaston/raspberry_pico/pico/pico-sdk/src/rp2_common/pico_double/double_aeabi.S.obj
                0x000000001000324c                __wrap___aeabi_d2iz
                0x000000001000324c                double2int_z
 .text.__wrap___aeabi_d2uiz
                0x0000000010003294       0x18 main/CMakeFiles/main.dir/home/gaston/raspberry_pico/pico/pico-sdk/src/rp2_common/pico_double/double_aeabi.S.obj
                0x0000000010003294                double2uint
                0x0000000010003294                __wrap___aeabi_d2uiz
 .text.__aeabi_double_init
                0x00000000100032ac       0xc8 main/CMakeFiles/main.dir/home/gaston/raspberry_pico/pico/pico-sdk/src/rp2_common/pico_double/double_init_rom.c.obj
                0x00000000100032ac                __aeabi_double_init
 .text.double_table_shim_on_use_helper
                0x0000000010003374       0x34 main/CMakeFiles/main.dir/home/gaston/raspberry_pico/pico/pico-sdk/src/rp2_common/pico_double/double_v1_rom_shim.S.obj
                0x0000000010003374                double_table_shim_on_use_helper
 .text.__wrap___aeabi_dsub
                0x00000000100033a8       0x10 main/CMakeFiles/main.dir/home/gaston/raspberry_pico/pico/pico-sdk/src/rp2_common/pico_double/double_v1_rom_shim.S.obj
                0x00000000100033a8                drsub_shim
                0x00000000100033ae                dsub_shim
 .text.dadd_shim
                0x00000000100033b8      0x15c main/CMakeFiles/main.dir/home/gaston/raspberry_pico/pico/pico-sdk/src/rp2_common/pico_double/double_v1_rom_shim.S.obj
                0x00000000100033b8                dadd_shim
 .text.dmul_shim
                0x0000000010003514      0x15c main/CMakeFiles/main.dir/home/gaston/raspberry_pico/pico/pico-sdk/src/rp2_common/pico_double/double_v1_rom_shim.S.obj
                0x0000000010003514                dmul_shim
 .text.ddiv_shim
                0x0000000010003670      0x1b0 main/CMakeFiles/main.dir/home/gaston/raspberry_pico/pico/pico-sdk/src/rp2_common/pico_double/double_v1_rom_shim.S.obj
                0x0000000010003670                ddiv_shim
 .text.double2uint_shim
                0x0000000010003820        0xe main/CMakeFiles/main.dir/home/gaston/raspberry_pico/pico/pico-sdk/src/rp2_common/pico_double/double_v1_rom_shim.S.obj
                0x0000000010003820                double2uint_shim
                0x0000000010003822                double2ufix_shim
 *fill*         0x000000001000382e        0x2 
 .text.double2uint64_shim
                0x0000000010003830       0x70 main/CMakeFiles/main.dir/home/gaston/raspberry_pico/pico/pico-sdk/src/rp2_common/pico_double/double_v1_rom_shim.S.obj
                0x0000000010003830                double2uint64_shim
                0x0000000010003832                double2ufix64_shim
                0x0000000010003852                d2fix_a
 .text.dunpacks
                0x00000000100038a0       0x3c main/CMakeFiles/main.dir/home/gaston/raspberry_pico/pico/pico-sdk/src/rp2_common/pico_double/double_v1_rom_shim.S.obj
                0x00000000100038a0                dunpacks
 .text.__aeabi_float_init
                0x00000000100038dc       0xfc main/CMakeFiles/main.dir/home/gaston/raspberry_pico/pico/pico-sdk/src/rp2_common/pico_float/float_init_rom.c.obj
                0x00000000100038dc                __aeabi_float_init
 .text.float_table_shim_on_use_helper
                0x00000000100039d8       0x34 main/CMakeFiles/main.dir/home/gaston/raspberry_pico/pico/pico-sdk/src/rp2_common/pico_float/float_v1_rom_shim.S.obj
                0x00000000100039d8                float_table_shim_on_use_helper
 .text          0x0000000010003a0c       0x10 main/CMakeFiles/main.dir/home/gaston/raspberry_pico/pico/pico-sdk/src/rp2_common/pico_mem_ops/mem_ops_aeabi.S.obj
                0x0000000010003a0c                __aeabi_mem_init
 .text.memset   0x0000000010003a1c        0xc main/CMakeFiles/main.dir/home/gaston/raspberry_pico/pico/pico-sdk/src/rp2_common/pico_mem_ops/mem_ops_aeabi.S.obj
                0x0000000010003a1c                __wrap_memset
 .text.memcpy   0x0000000010003a28        0xc main/CMakeFiles/main.dir/home/gaston/raspberry_pico/pico/pico-sdk/src/rp2_common/pico_mem_ops/mem_ops_aeabi.S.obj
                0x0000000010003a28                __wrap___aeabi_memcpy
                0x0000000010003a28                __wrap_memcpy
 .text.stdio_out_chars_no_crlf
                0x0000000010003a34        0xe main/CMakeFiles/main.dir/home/gaston/raspberry_pico/pico/pico-sdk/src/rp2_common/pico_stdio/stdio.c.obj
 *fill*         0x0000000010003a42        0x2 
 .text.stdio_out_chars_crlf
                0x0000000010003a44       0x80 main/CMakeFiles/main.dir/home/gaston/raspberry_pico/pico/pico-sdk/src/rp2_common/pico_stdio/stdio.c.obj
 .text.stdio_stack_buffer_flush
                0x0000000010003ac4       0x44 main/CMakeFiles/main.dir/home/gaston/raspberry_pico/pico/pico-sdk/src/rp2_common/pico_stdio/stdio.c.obj
 .text.stdio_buffered_printer
                0x0000000010003b08       0x20 main/CMakeFiles/main.dir/home/gaston/raspberry_pico/pico/pico-sdk/src/rp2_common/pico_stdio/stdio.c.obj
 .text.stdout_serialize_begin
                0x0000000010003b28       0x30 main/CMakeFiles/main.dir/home/gaston/raspberry_pico/pico/pico-sdk/src/rp2_common/pico_stdio/stdio.c.obj
                0x0000000010003b28                stdout_serialize_begin
 .text.stdout_serialize_end
                0x0000000010003b58       0x10 main/CMakeFiles/main.dir/home/gaston/raspberry_pico/pico/pico-sdk/src/rp2_common/pico_stdio/stdio.c.obj
                0x0000000010003b58                stdout_serialize_end
 .text.stdio_put_string
                0x0000000010003b68       0x98 main/CMakeFiles/main.dir/home/gaston/raspberry_pico/pico/pico-sdk/src/rp2_common/pico_stdio/stdio.c.obj
 .text.stdio_flush
                0x0000000010003c00       0x20 main/CMakeFiles/main.dir/home/gaston/raspberry_pico/pico/pico-sdk/src/rp2_common/pico_stdio/stdio.c.obj
                0x0000000010003c00                stdio_flush
 .text.__wrap_puts
                0x0000000010003c20       0x1e main/CMakeFiles/main.dir/home/gaston/raspberry_pico/pico/pico-sdk/src/rp2_common/pico_stdio/stdio.c.obj
                0x0000000010003c20                __wrap_puts
 *fill*         0x0000000010003c3e        0x2 
 .text.__wrap_vprintf
                0x0000000010003c40       0x44 main/CMakeFiles/main.dir/home/gaston/raspberry_pico/pico/pico-sdk/src/rp2_common/pico_stdio/stdio.c.obj
                0x0000000010003c40                __wrap_vprintf
 .text.__wrap_printf
                0x0000000010003c84       0x18 main/CMakeFiles/main.dir/home/gaston/raspberry_pico/pico/pico-sdk/src/rp2_common/pico_stdio/stdio.c.obj
                0x0000000010003c84                __wrap_printf
 .text._retrieve_unique_id_on_boot
                0x0000000010003c9c       0x10 main/CMakeFiles/main.dir/home/gaston/raspberry_pico/pico/pico-sdk/src/rp2_common/pico_unique_id/unique_id.c.obj
 .text.flash_get_unique_id
                0x0000000010003cac       0x46 main/CMakeFiles/main.dir/home/gaston/raspberry_pico/pico/pico-sdk/src/rp2_common/hardware_flash/flash.c.obj
                0x0000000010003cac                flash_get_unique_id
 *fill*         0x0000000010003cf2        0x2 
 .text          0x0000000010003cf4       0x5c /usr/lib/gcc/arm-none-eabi/10.3.1/../../../arm-none-eabi/lib/thumb/v6-m/nofp/libg.a(lib_a-strlen-stub.o)
                0x0000000010003cf4                strlen
 *(.fini)
 .fini          0x0000000010003d50        0x4 /usr/lib/gcc/arm-none-eabi/10.3.1/thumb/v6-m/nofp/crti.o
                0x0000000010003d50                _fini
 *fill*         0x0000000010003d54        0x4 
 .fini.__stub   0x0000000010003d58       0x60 linker stubs
 *crtbegin.o(.ctors)
 *crtbegin?.o(.ctors)
 *(EXCLUDE_FILE(*crtend.o *crtend?.o) .ctors)
 *(SORT_BY_NAME(.ctors.*))
 *(.ctors)
 *crtbegin.o(.dtors)
 *crtbegin?.o(.dtors)
 *(EXCLUDE_FILE(*crtend.o *crtend?.o) .dtors)
 *(SORT_BY_NAME(.dtors.*))
 *(.dtors)
 *(.eh_frame*)
 .eh_frame      0x0000000010003db8        0x0 /usr/lib/gcc/arm-none-eabi/10.3.1/thumb/v6-m/nofp/crtbegin.o
                0x0000000010003db8                . = ALIGN (0x4)

.glue_7         0x0000000010003db8        0x0
 .glue_7        0x0000000010003db8        0x0 linker stubs

.glue_7t        0x0000000010003db8        0x0
 .glue_7t       0x0000000010003db8        0x0 linker stubs

.vfp11_veneer   0x0000000010003db8        0x0
 .vfp11_veneer  0x0000000010003db8        0x0 linker stubs

.v4_bx          0x0000000010003db8        0x0
 .v4_bx         0x0000000010003db8        0x0 linker stubs

.iplt           0x0000000010003db8        0x0
 .iplt          0x0000000010003db8        0x0 /usr/lib/gcc/arm-none-eabi/10.3.1/thumb/v6-m/nofp/crtbegin.o

.rodata         0x0000000010003db8     0x1020
 *(EXCLUDE_FILE(*libm.a: *libc.a:*lib_a-mem*.o *libgcc.a:) .rodata*)
 .rodata.make_branch.str1.4
                0x0000000010003db8       0x7c main/CMakeFiles/main.dir/home/gaston/raspberry_pico/pico/pico-sdk/src/rp2_common/hardware_irq/irq.c.obj
 .rodata.insert_branch_and_link.str1.4
                0x0000000010003e34       0x10 main/CMakeFiles/main.dir/home/gaston/raspberry_pico/pico/pico-sdk/src/rp2_common/hardware_irq/irq.c.obj
 .rodata.irq_set_exclusive_handler.str1.4
                0x0000000010003e44       0x36 main/CMakeFiles/main.dir/home/gaston/raspberry_pico/pico/pico-sdk/src/rp2_common/hardware_irq/irq.c.obj
 *fill*         0x0000000010003e7a        0x2 
 .rodata.irq_add_shared_handler.str1.4
                0x0000000010003e7c       0xd9 main/CMakeFiles/main.dir/home/gaston/raspberry_pico/pico/pico-sdk/src/rp2_common/hardware_irq/irq.c.obj
 *fill*         0x0000000010003f55        0x3 
 .rodata.irq_remove_handler.str1.4
                0x0000000010003f58       0x2a main/CMakeFiles/main.dir/home/gaston/raspberry_pico/pico/pico-sdk/src/rp2_common/hardware_irq/irq.c.obj
 *fill*         0x0000000010003f82        0x2 
 .rodata.irq_add_tail_to_free_list.str1.4
                0x0000000010003f84       0x3a main/CMakeFiles/main.dir/home/gaston/raspberry_pico/pico/pico-sdk/src/rp2_common/hardware_irq/irq.c.obj
 *fill*         0x0000000010003fbe        0x2 
 .rodata.__func__.0
                0x0000000010003fc0       0x1a main/CMakeFiles/main.dir/home/gaston/raspberry_pico/pico/pico-sdk/src/rp2_common/hardware_irq/irq.c.obj
 *fill*         0x0000000010003fda        0x2 
 .rodata.__func__.1
                0x0000000010003fdc       0x17 main/CMakeFiles/main.dir/home/gaston/raspberry_pico/pico/pico-sdk/src/rp2_common/hardware_irq/irq.c.obj
 *fill*         0x0000000010003ff3        0x1 
 .rodata.__func__.2
                0x0000000010003ff4       0x13 main/CMakeFiles/main.dir/home/gaston/raspberry_pico/pico/pico-sdk/src/rp2_common/hardware_irq/irq.c.obj
 *fill*         0x0000000010004007        0x1 
 .rodata.__func__.3
                0x0000000010004008        0xc main/CMakeFiles/main.dir/home/gaston/raspberry_pico/pico/pico-sdk/src/rp2_common/hardware_irq/irq.c.obj
 .rodata.__func__.4
                0x0000000010004014        0xf main/CMakeFiles/main.dir/home/gaston/raspberry_pico/pico/pico-sdk/src/rp2_common/hardware_irq/irq.c.obj
 *fill*         0x0000000010004023        0x1 
 .rodata.__func__.6
                0x0000000010004024       0x1a main/CMakeFiles/main.dir/home/gaston/raspberry_pico/pico/pico-sdk/src/rp2_common/hardware_irq/irq.c.obj
 *fill*         0x000000001000403e        0x2 
 .rodata.repeating_timer_callback.str1.4
                0x0000000010004040       0x5a main/CMakeFiles/main.dir/home/gaston/raspberry_pico/pico/pico-sdk/src/common/pico_time/time.c.obj
 *fill*         0x000000001000409a        0x2 
 .rodata.alarm_pool_dump_key.str1.4
                0x000000001000409c       0x33 main/CMakeFiles/main.dir/home/gaston/raspberry_pico/pico/pico-sdk/src/common/pico_time/time.c.obj
 *fill*         0x00000000100040cf        0x1 
 .rodata.ph_add_child_node.str1.4
                0x00000000100040d0       0xa6 main/CMakeFiles/main.dir/home/gaston/raspberry_pico/pico/pico-sdk/src/common/pico_time/time.c.obj
 *fill*         0x0000000010004176        0x2 
 .rodata.add_alarm_under_lock.str1.4
                0x0000000010004178       0x28 main/CMakeFiles/main.dir/home/gaston/raspberry_pico/pico/pico-sdk/src/common/pico_time/time.c.obj
                                         0x2b (size before relaxing)
 .rodata.alarm_pool_alarm_callback.str1.4
                0x00000000100041a0       0xf2 main/CMakeFiles/main.dir/home/gaston/raspberry_pico/pico/pico-sdk/src/common/pico_time/time.c.obj
 *fill*         0x0000000010004292        0x2 
 .rodata.__func__.10
                0x0000000010004294       0x15 main/CMakeFiles/main.dir/home/gaston/raspberry_pico/pico/pico-sdk/src/common/pico_time/time.c.obj
 *fill*         0x00000000100042a9        0x3 
 .rodata.__func__.11
                0x00000000100042ac       0x1a main/CMakeFiles/main.dir/home/gaston/raspberry_pico/pico/pico-sdk/src/common/pico_time/time.c.obj
 *fill*         0x00000000100042c6        0x2 
 .rodata.__func__.12
                0x00000000100042c8        0xa main/CMakeFiles/main.dir/home/gaston/raspberry_pico/pico/pico-sdk/src/common/pico_time/time.c.obj
 *fill*         0x00000000100042d2        0x2 
 .rodata.__func__.4
                0x00000000100042d4       0x12 main/CMakeFiles/main.dir/home/gaston/raspberry_pico/pico/pico-sdk/src/common/pico_time/time.c.obj
 *fill*         0x00000000100042e6        0x2 
 .rodata.__func__.5
                0x00000000100042e8        0xd main/CMakeFiles/main.dir/home/gaston/raspberry_pico/pico/pico-sdk/src/common/pico_time/time.c.obj
 *fill*         0x00000000100042f5        0x3 
 .rodata.__func__.6
                0x00000000100042f8       0x12 main/CMakeFiles/main.dir/home/gaston/raspberry_pico/pico/pico-sdk/src/common/pico_time/time.c.obj
 *fill*         0x000000001000430a        0x2 
 .rodata.__func__.7
                0x000000001000430c        0xf main/CMakeFiles/main.dir/home/gaston/raspberry_pico/pico/pico-sdk/src/common/pico_time/time.c.obj
 *fill*         0x000000001000431b        0x1 
 .rodata.__func__.8
                0x000000001000431c        0xc main/CMakeFiles/main.dir/home/gaston/raspberry_pico/pico/pico-sdk/src/common/pico_time/time.c.obj
 .rodata.__func__.9
                0x0000000010004328       0x15 main/CMakeFiles/main.dir/home/gaston/raspberry_pico/pico/pico-sdk/src/common/pico_time/time.c.obj
 *fill*         0x000000001000433d        0x3 
 .rodata.hardware_alarm_claim.str1.4
                0x0000000010004340       0x22 main/CMakeFiles/main.dir/home/gaston/raspberry_pico/pico/pico-sdk/src/rp2_common/hardware_timer/timer.c.obj
 *fill*         0x0000000010004362        0x2 
 .rodata.hardware_alarm_set_target.str1.4
                0x0000000010004364       0x74 main/CMakeFiles/main.dir/home/gaston/raspberry_pico/pico/pico-sdk/src/rp2_common/hardware_timer/timer.c.obj
 .rodata.__func__.0
                0x00000000100043d8       0x1a main/CMakeFiles/main.dir/home/gaston/raspberry_pico/pico/pico-sdk/src/rp2_common/hardware_timer/timer.c.obj
 .rodata.ph_add_child_node.str1.4
                0x00000000100043f2       0xa6 main/CMakeFiles/main.dir/home/gaston/raspberry_pico/pico/pico-sdk/src/common/pico_util/pheap.c.obj
 *fill*         0x00000000100043f2        0x2 
 .rodata.ph_remove_any_head.str1.4
                0x00000000100043f4       0x9c main/CMakeFiles/main.dir/home/gaston/raspberry_pico/pico/pico-sdk/src/common/pico_util/pheap.c.obj
 .rodata.ph_remove_and_free_node.str1.4
                0x0000000010004490       0x1e main/CMakeFiles/main.dir/home/gaston/raspberry_pico/pico/pico-sdk/src/common/pico_util/pheap.c.obj
                                         0x26 (size before relaxing)
 *fill*         0x00000000100044ae        0x2 
 .rodata.__func__.0
                0x00000000100044b0       0x18 main/CMakeFiles/main.dir/home/gaston/raspberry_pico/pico/pico-sdk/src/common/pico_util/pheap.c.obj
 .rodata.__func__.1
                0x00000000100044c8       0x13 main/CMakeFiles/main.dir/home/gaston/raspberry_pico/pico/pico-sdk/src/common/pico_util/pheap.c.obj
 *fill*         0x00000000100044db        0x1 
 .rodata.__func__.2
                0x00000000100044dc       0x12 main/CMakeFiles/main.dir/home/gaston/raspberry_pico/pico/pico-sdk/src/common/pico_util/pheap.c.obj
 *fill*         0x00000000100044ee        0x2 
 .rodata.__func__.3
                0x00000000100044f0        0xc main/CMakeFiles/main.dir/home/gaston/raspberry_pico/pico/pico-sdk/src/common/pico_util/pheap.c.obj
 .rodata.str1.4
                0x00000000100044fc       0x99 main/CMakeFiles/main.dir/home/gaston/raspberry_pico/pico/pico-sdk/src/common/pico_sync/mutex.c.obj
                                        0x109 (size before relaxing)
 *fill*         0x0000000010004595        0x3 
 .rodata.__func__.1
                0x0000000010004598        0xb main/CMakeFiles/main.dir/home/gaston/raspberry_pico/pico/pico-sdk/src/common/pico_sync/mutex.c.obj
 *fill*         0x00000000100045a3        0x1 
 .rodata.__assert_func.str1.4
                0x00000000100045a4       0x3f main/CMakeFiles/main.dir/home/gaston/raspberry_pico/pico/pico-sdk/src/rp2_common/pico_runtime/runtime.c.obj
                                         0x43 (size before relaxing)
 *fill*         0x00000000100045e3        0x1 
 .rodata.runtime_init.str1.4
                0x00000000100045e4       0x70 main/CMakeFiles/main.dir/home/gaston/raspberry_pico/pico/pico-sdk/src/rp2_common/pico_runtime/runtime.c.obj
 .rodata.panic.str1.4
                0x0000000010004654       0x12 main/CMakeFiles/main.dir/home/gaston/raspberry_pico/pico/pico-sdk/src/rp2_common/pico_runtime/runtime.c.obj
 *fill*         0x0000000010004666        0x2 
 .rodata.__func__.1
                0x0000000010004668        0xd main/CMakeFiles/main.dir/home/gaston/raspberry_pico/pico/pico-sdk/src/rp2_common/pico_runtime/runtime.c.obj
 *fill*         0x0000000010004675        0x3 
 .rodata.clock_configure.str1.4
                0x0000000010004678       0x66 main/CMakeFiles/main.dir/home/gaston/raspberry_pico/pico/pico-sdk/src/rp2_common/hardware_clocks/clocks.c.obj
 *fill*         0x00000000100046de        0x2 
 .rodata.__func__.1
                0x00000000100046e0       0x10 main/CMakeFiles/main.dir/home/gaston/raspberry_pico/pico/pico-sdk/src/rp2_common/hardware_clocks/clocks.c.obj
 .rodata.pll_init.str1.4
                0x00000000100046f0      0x147 main/CMakeFiles/main.dir/home/gaston/raspberry_pico/pico/pico-sdk/src/rp2_common/hardware_pll/pll.c.obj
 *fill*         0x0000000010004837        0x1 
 .rodata.__func__.0
                0x0000000010004838        0x9 main/CMakeFiles/main.dir/home/gaston/raspberry_pico/pico/pico-sdk/src/rp2_common/hardware_pll/pll.c.obj
 *fill*         0x0000000010004841        0x3 
 .rodata._ftoa.str1.4
                0x0000000010004844       0x15 main/CMakeFiles/main.dir/home/gaston/raspberry_pico/pico/pico-sdk/src/rp2_common/pico_printf/printf.c.obj
 *fill*         0x0000000010004859        0x3 
 .rodata._vsnprintf
                0x000000001000485c      0x1e0 main/CMakeFiles/main.dir/home/gaston/raspberry_pico/pico/pico-sdk/src/rp2_common/pico_printf/printf.c.obj
 *fill*         0x0000000010004a3c        0x4 
 .rodata.pow10.0
                0x0000000010004a40       0x50 main/CMakeFiles/main.dir/home/gaston/raspberry_pico/pico/pico-sdk/src/rp2_common/pico_printf/printf.c.obj
 .rodata.__aeabi_double_init.str1.4
                0x0000000010004a90       0xb7 main/CMakeFiles/main.dir/home/gaston/raspberry_pico/pico/pico-sdk/src/rp2_common/pico_double/double_init_rom.c.obj
 *fill*         0x0000000010004b47        0x1 
 .rodata.__func__.0
                0x0000000010004b48       0x14 main/CMakeFiles/main.dir/home/gaston/raspberry_pico/pico/pico-sdk/src/rp2_common/pico_double/double_init_rom.c.obj
 .rodata.__aeabi_float_init.str1.4
                0x0000000010004b5c       0x89 main/CMakeFiles/main.dir/home/gaston/raspberry_pico/pico/pico-sdk/src/rp2_common/pico_float/float_init_rom.c.obj
                                         0x8d (size before relaxing)
 *fill*         0x0000000010004be5        0x3 
 .rodata.__func__.0
                0x0000000010004be8       0x13 main/CMakeFiles/main.dir/home/gaston/raspberry_pico/pico/pico-sdk/src/rp2_common/pico_float/float_init_rom.c.obj
 *fill*         0x0000000010004bfb        0x1 
 .rodata.str1.4
                0x0000000010004bfc       0x3c main/CMakeFiles/main.dir/home/gaston/raspberry_pico/pico/pico-sdk/src/rp2_common/pico_standard_link/binary_info.c.obj
 .rodata.__bi_44
                0x0000000010004c38        0xc main/CMakeFiles/main.dir/home/gaston/raspberry_pico/pico/pico-sdk/src/rp2_common/pico_standard_link/binary_info.c.obj
 .rodata.__bi_75
                0x0000000010004c44        0xc main/CMakeFiles/main.dir/home/gaston/raspberry_pico/pico/pico-sdk/src/rp2_common/pico_standard_link/binary_info.c.obj
 .rodata.__bi_81
                0x0000000010004c50        0xc main/CMakeFiles/main.dir/home/gaston/raspberry_pico/pico/pico-sdk/src/rp2_common/pico_standard_link/binary_info.c.obj
 .rodata.crlf_str.3
                0x0000000010004c5c        0x2 main/CMakeFiles/main.dir/home/gaston/raspberry_pico/pico/pico-sdk/src/rp2_common/pico_stdio/stdio.c.obj
 *fill*         0x0000000010004c5e        0x2 
 .rodata.str1.4
                0x0000000010004c60      0x166 main/CMakeFiles/main.dir/home/gaston/raspberry_pico/pico/pico-sdk/src/rp2_common/hardware_flash/flash.c.obj
 *fill*         0x0000000010004dc6        0x2 
 .rodata.__func__.0
                0x0000000010004dc8        0xd main/CMakeFiles/main.dir/home/gaston/raspberry_pico/pico/pico-sdk/src/rp2_common/hardware_flash/flash.c.obj
                0x0000000010004dd8                . = ALIGN (0x4)
 *fill*         0x0000000010004dd5        0x3 
 *(SORT_BY_ALIGNMENT(SORT_BY_NAME(.flashdata*)))
                0x0000000010004dd8                . = ALIGN (0x4)

.rel.dyn        0x0000000010004dd8        0x0
 .rel.iplt      0x0000000010004dd8        0x0 /usr/lib/gcc/arm-none-eabi/10.3.1/thumb/v6-m/nofp/crtbegin.o

.ARM.extab
 *(.ARM.extab* .gnu.linkonce.armextab.*)
                0x0000000010004dd8                __exidx_start = .

.ARM.exidx
 *(.ARM.exidx* .gnu.linkonce.armexidx.*)
                0x0000000010004dd8                __exidx_end = .
                0x0000000010004dd8                . = ALIGN (0x4)
                0x0000000010004dd8                __binary_info_start = .

.binary_info    0x0000000010004dd8       0x1c
 *(.binary_info.keep.*)
 .binary_info.keep.__bi_ptr22
                0x0000000010004dd8        0x4 main/CMakeFiles/main.dir/home/gaston/raspberry_pico/pico/pico-sdk/src/rp2_common/pico_standard_link/binary_info.c.obj
 .binary_info.keep.__bi_ptr30
                0x0000000010004ddc        0x4 main/CMakeFiles/main.dir/home/gaston/raspberry_pico/pico/pico-sdk/src/rp2_common/pico_standard_link/binary_info.c.obj
 .binary_info.keep.__bi_ptr38
                0x0000000010004de0        0x4 main/CMakeFiles/main.dir/home/gaston/raspberry_pico/pico/pico-sdk/src/rp2_common/pico_standard_link/binary_info.c.obj
 .binary_info.keep.__bi_ptr44
                0x0000000010004de4        0x4 main/CMakeFiles/main.dir/home/gaston/raspberry_pico/pico/pico-sdk/src/rp2_common/pico_standard_link/binary_info.c.obj
 .binary_info.keep.__bi_ptr50
                0x0000000010004de8        0x4 main/CMakeFiles/main.dir/home/gaston/raspberry_pico/pico/pico-sdk/src/rp2_common/pico_standard_link/binary_info.c.obj
 .binary_info.keep.__bi_ptr75
                0x0000000010004dec        0x4 main/CMakeFiles/main.dir/home/gaston/raspberry_pico/pico/pico-sdk/src/rp2_common/pico_standard_link/binary_info.c.obj
 .binary_info.keep.__bi_ptr81
                0x0000000010004df0        0x4 main/CMakeFiles/main.dir/home/gaston/raspberry_pico/pico/pico-sdk/src/rp2_common/pico_standard_link/binary_info.c.obj
 *(.binary_info.*)
                0x0000000010004df4                __binary_info_end = .
                0x0000000010004df4                . = ALIGN (0x4)
                0x0000000010004df4                __etext = .

.ram_vector_table
                0x0000000020000000       0xc0
 *(.ram_vector_table)
 .ram_vector_table
                0x0000000020000000       0xc0 main/CMakeFiles/main.dir/home/gaston/raspberry_pico/pico/pico-sdk/src/rp2_common/pico_runtime/runtime.c.obj
                0x0000000020000000                ram_vector_table

.data           0x00000000200000c0      0x2f0 load address 0x0000000010004df4
                0x00000000200000c0                __data_start__ = .
 *(vtable)
 *(.time_critical*)
 .time_critical.mutex_enter_blocking
                0x00000000200000c0       0x48 main/CMakeFiles/main.dir/home/gaston/raspberry_pico/pico/pico-sdk/src/common/pico_sync/mutex.c.obj
                0x00000000200000c0                mutex_enter_blocking
 .time_critical.mutex_try_enter
                0x0000000020000108       0x46 main/CMakeFiles/main.dir/home/gaston/raspberry_pico/pico/pico-sdk/src/common/pico_sync/mutex.c.obj
                0x0000000020000108                mutex_try_enter
 *fill*         0x000000002000014e        0x2 
 .time_critical.mutex_exit
                0x0000000020000150       0x4c main/CMakeFiles/main.dir/home/gaston/raspberry_pico/pico/pico-sdk/src/common/pico_sync/mutex.c.obj
                0x0000000020000150                mutex_exit
 .time_critical.flash_init_boot2_copyout
                0x000000002000019c       0x30 main/CMakeFiles/main.dir/home/gaston/raspberry_pico/pico/pico-sdk/src/rp2_common/hardware_flash/flash.c.obj
 .time_critical.flash_enable_xip_via_boot2
                0x00000000200001cc       0x10 main/CMakeFiles/main.dir/home/gaston/raspberry_pico/pico/pico-sdk/src/rp2_common/hardware_flash/flash.c.obj
 .time_critical.flash_cs_force
                0x00000000200001dc       0x28 main/CMakeFiles/main.dir/home/gaston/raspberry_pico/pico/pico-sdk/src/rp2_common/hardware_flash/flash.c.obj
 .time_critical.flash_do_cmd
                0x0000000020000204       0xd8 main/CMakeFiles/main.dir/home/gaston/raspberry_pico/pico/pico-sdk/src/rp2_common/hardware_flash/flash.c.obj
                0x0000000020000204                flash_do_cmd
 *(.text*)
 .text          0x00000000200002dc        0x4 /usr/lib/gcc/arm-none-eabi/10.3.1/thumb/v6-m/nofp/libgcc.a(_dvmd_tls.o)
                0x00000000200002dc                __aeabi_ldiv0
                0x00000000200002dc                __aeabi_idiv0
 .text.__stub   0x00000000200002e0       0x10 linker stubs
                0x00000000200002f0                . = ALIGN (0x4)
 *(.rodata*)
                0x00000000200002f0                . = ALIGN (0x4)
 *(.data*)
 .data.striped_spin_lock_num
                0x00000000200002f0        0x1 main/CMakeFiles/main.dir/home/gaston/raspberry_pico/pico/pico-sdk/src/rp2_common/hardware_sync/sync.c.obj
 *fill*         0x00000000200002f1        0x3 
 .data          0x00000000200002f4       0x48 main/CMakeFiles/main.dir/home/gaston/raspberry_pico/pico/pico-sdk/src/rp2_common/hardware_irq/irq_handler_chain.S.obj
                0x00000000200002f4                irq_handler_chain_slots
                0x0000000020000324                irq_handler_chain_first_slot
                0x000000002000032e                irq_handler_chain_remove_tail
 .data.default_alarm_pool
                0x000000002000033c       0x18 main/CMakeFiles/main.dir/home/gaston/raspberry_pico/pico/pico-sdk/src/common/pico_time/time.c.obj
 .data.default_alarm_pool_heap
                0x0000000020000354       0x10 main/CMakeFiles/main.dir/home/gaston/raspberry_pico/pico/pico-sdk/src/common/pico_time/time.c.obj
 *fill*         0x0000000020000364        0xc 
 .data.aeabi_bits_funcs
                0x0000000020000370       0x10 main/CMakeFiles/main.dir/home/gaston/raspberry_pico/pico/pico-sdk/src/rp2_common/pico_bit_ops/bit_ops_aeabi.S.obj
                0x0000000020000370                aeabi_bits_funcs
                0x0000000020000380                aeabi_bits_funcs_end
 .data.aeabi_mem_funcs
                0x0000000020000380       0x10 main/CMakeFiles/main.dir/home/gaston/raspberry_pico/pico/pico-sdk/src/rp2_common/pico_mem_ops/mem_ops_aeabi.S.obj
                0x0000000020000380                aeabi_mem_funcs
                0x0000000020000390                aeabi_mem_funcs_end
                0x0000000020000390                . = ALIGN (0x4)
 *(.after_data.*)
                0x0000000020000390                . = ALIGN (0x4)
                0x0000000020000390                PROVIDE (__mutex_array_start = .)
 *(SORT_BY_NAME(.mutex_array.*))
 *(.mutex_array)
 .mutex_array   0x0000000020000390        0x8 main/CMakeFiles/main.dir/home/gaston/raspberry_pico/pico/pico-sdk/src/rp2_common/pico_stdio/stdio.c.obj
                0x0000000020000398                PROVIDE (__mutex_array_end = .)
                0x0000000020000398                . = ALIGN (0x4)
                0x0000000020000398                PROVIDE (__preinit_array_start = .)
 *(SORT_BY_NAME(.preinit_array.*))
 .preinit_array.00001
                0x0000000020000398        0x4 main/CMakeFiles/main.dir/home/gaston/raspberry_pico/pico/pico-sdk/src/rp2_common/pico_mem_ops/mem_ops_aeabi.S.obj
 .preinit_array.00010
                0x000000002000039c        0x4 main/CMakeFiles/main.dir/home/gaston/raspberry_pico/pico/pico-sdk/src/rp2_common/pico_bit_ops/bit_ops_aeabi.S.obj
 .preinit_array.00020
                0x00000000200003a0        0x4 main/CMakeFiles/main.dir/home/gaston/raspberry_pico/pico/pico-sdk/src/rp2_common/pico_double/double_aeabi.S.obj
 .preinit_array.00020
                0x00000000200003a4        0x4 main/CMakeFiles/main.dir/home/gaston/raspberry_pico/pico/pico-sdk/src/rp2_common/pico_float/float_aeabi.S.obj
 *(.preinit_array)
                0x00000000200003a8                PROVIDE (__preinit_array_end = .)
                0x00000000200003a8                . = ALIGN (0x4)
                0x00000000200003a8                PROVIDE (__init_array_start = .)
 *(SORT_BY_NAME(.init_array.*))
 *(.init_array)
 .init_array    0x00000000200003a8        0x4 /usr/lib/gcc/arm-none-eabi/10.3.1/thumb/v6-m/nofp/crtbegin.o
 .init_array    0x00000000200003ac        0x4 main/CMakeFiles/main.dir/home/gaston/raspberry_pico/pico/pico-sdk/src/rp2_common/pico_unique_id/unique_id.c.obj
                0x00000000200003b0                PROVIDE (__init_array_end = .)
                0x00000000200003b0                . = ALIGN (0x4)
                0x00000000200003b0                PROVIDE (__fini_array_start = .)
 *(SORT_BY_NAME(.fini_array.*))
 *(.fini_array)
                0x00000000200003b0                PROVIDE (__fini_array_end = .)
 *(.jcr)
                0x00000000200003b0                . = ALIGN (0x4)
                0x00000000200003b0                __data_end__ = .

.tm_clone_table
                0x00000000200003b0        0x0 load address 0x00000000100050e4
 .tm_clone_table
                0x00000000200003b0        0x0 /usr/lib/gcc/arm-none-eabi/10.3.1/thumb/v6-m/nofp/crtbegin.o
 .tm_clone_table
                0x00000000200003b0        0x0 /usr/lib/gcc/arm-none-eabi/10.3.1/thumb/v6-m/nofp/crtend.o

.igot.plt       0x00000000200003b0        0x0 load address 0x00000000100050e4
 .igot.plt      0x00000000200003b0        0x0 /usr/lib/gcc/arm-none-eabi/10.3.1/thumb/v6-m/nofp/crtbegin.o

.uninitialized_data
                0x00000000200003b0        0x0 load address 0x00000000100050e4
                0x00000000200003b0                . = ALIGN (0x4)
 *(.uninitialized_data*)

.scratch_x      0x0000000020040000        0x0 load address 0x00000000100050e4
                0x0000000020040000                __scratch_x_start__ = .
 *(.scratch_x.*)
                0x0000000020040000                . = ALIGN (0x4)
                0x0000000020040000                __scratch_x_end__ = .
                0x00000000100050e4                __scratch_x_source__ = LOADADDR (.scratch_x)

.scratch_y      0x0000000020041000        0x0 load address 0x00000000100050e4
                0x0000000020041000                __scratch_y_start__ = .
 *(.scratch_y.*)
                0x0000000020041000                . = ALIGN (0x4)
                0x0000000020041000                __scratch_y_end__ = .
                0x00000000100050e4                __scratch_y_source__ = LOADADDR (.scratch_y)

.bss            0x00000000200003b0      0x4d0
                0x00000000200003b0                . = ALIGN (0x4)
                0x00000000200003b0                __bss_start__ = .
 *(SORT_BY_ALIGNMENT(SORT_BY_NAME(.bss*)))
 .bss.default_alarm_pool_entries
                0x00000000200003b0      0x100 main/CMakeFiles/main.dir/home/gaston/raspberry_pico/pico/pico-sdk/src/common/pico_time/time.c.obj
 .bss           0x00000000200004b0       0x1c /usr/lib/gcc/arm-none-eabi/10.3.1/thumb/v6-m/nofp/crtbegin.o
 .bss.alarm_callbacks
                0x00000000200004cc       0x10 main/CMakeFiles/main.dir/home/gaston/raspberry_pico/pico/pico-sdk/src/rp2_common/hardware_timer/timer.c.obj
 .bss.boot2_copyout
                0x00000000200004dc      0x100 main/CMakeFiles/main.dir/home/gaston/raspberry_pico/pico/pico-sdk/src/rp2_common/hardware_flash/flash.c.obj
 .bss.configured_freq
                0x00000000200005dc       0x28 main/CMakeFiles/main.dir/home/gaston/raspberry_pico/pico/pico-sdk/src/rp2_common/hardware_clocks/clocks.c.obj
 .bss.default_alarm_pool_entry_ids_high
                0x0000000020000604       0x10 main/CMakeFiles/main.dir/home/gaston/raspberry_pico/pico/pico-sdk/src/common/pico_time/time.c.obj
 .bss.default_alarm_pool_heap_nodes
                0x0000000020000614       0x30 main/CMakeFiles/main.dir/home/gaston/raspberry_pico/pico/pico-sdk/src/common/pico_time/time.c.obj
 .bss.drivers   0x0000000020000644        0x4 main/CMakeFiles/main.dir/home/gaston/raspberry_pico/pico/pico-sdk/src/rp2_common/pico_stdio/stdio.c.obj
 .bss.filter    0x0000000020000648        0x4 main/CMakeFiles/main.dir/home/gaston/raspberry_pico/pico/pico-sdk/src/rp2_common/pico_stdio/stdio.c.obj
 .bss.pools     0x000000002000064c       0x10 main/CMakeFiles/main.dir/home/gaston/raspberry_pico/pico/pico-sdk/src/common/pico_time/time.c.obj
 .bss.retrieved_id
                0x000000002000065c        0x8 main/CMakeFiles/main.dir/home/gaston/raspberry_pico/pico/pico-sdk/src/rp2_common/pico_unique_id/unique_id.c.obj
 .bss.sd_table  0x0000000020000664      0x100 main/CMakeFiles/main.dir/home/gaston/raspberry_pico/pico/pico-sdk/src/rp2_common/pico_double/double_init_rom.c.obj
                0x0000000020000664                sd_table
 .bss.sf_clz_func
                0x0000000020000764        0x4 main/CMakeFiles/main.dir/home/gaston/raspberry_pico/pico/pico-sdk/src/rp2_common/pico_double/double_init_rom.c.obj
                0x0000000020000764                sf_clz_func
 .bss.sf_table  0x0000000020000768      0x100 main/CMakeFiles/main.dir/home/gaston/raspberry_pico/pico/pico-sdk/src/rp2_common/pico_float/float_init_rom.c.obj
                0x0000000020000768                sf_table
 .bss.sleep_notifier
                0x0000000020000868        0x4 main/CMakeFiles/main.dir/home/gaston/raspberry_pico/pico/pico-sdk/src/common/pico_time/time.c.obj
 .bss.target_hi
                0x000000002000086c       0x10 main/CMakeFiles/main.dir/home/gaston/raspberry_pico/pico/pico-sdk/src/rp2_common/hardware_timer/timer.c.obj
 .bss.boot2_copyout_valid
                0x000000002000087c        0x1 main/CMakeFiles/main.dir/home/gaston/raspberry_pico/pico/pico-sdk/src/rp2_common/hardware_flash/flash.c.obj
 .bss.claimed   0x000000002000087d        0x1 main/CMakeFiles/main.dir/home/gaston/raspberry_pico/pico/pico-sdk/src/rp2_common/hardware_timer/timer.c.obj
 .bss.irq_hander_chain_free_slot_head
                0x000000002000087e        0x1 main/CMakeFiles/main.dir/home/gaston/raspberry_pico/pico/pico-sdk/src/rp2_common/hardware_irq/irq.c.obj
 .bss.timer_callbacks_pending
                0x000000002000087f        0x1 main/CMakeFiles/main.dir/home/gaston/raspberry_pico/pico/pico-sdk/src/rp2_common/hardware_timer/timer.c.obj
 *(COMMON)
                0x0000000020000880                . = ALIGN (0x4)
                0x0000000020000880                __bss_end__ = .

.heap           0x0000000020000880      0x800
                0x0000000020000880                __end__ = .
                0x0000000020000880                end = __end__
 *(.heap*)
 .heap          0x0000000020000880      0x800 main/CMakeFiles/main.dir/home/gaston/raspberry_pico/pico/pico-sdk/src/rp2_common/pico_standard_link/crt0.S.obj
                0x0000000020001080                __HeapLimit = .

.stack1_dummy   0x0000000020040000        0x0
 *(.stack1*)

.stack_dummy    0x0000000020041000      0x800
 *(.stack*)
 .stack         0x0000000020041000      0x800 main/CMakeFiles/main.dir/home/gaston/raspberry_pico/pico/pico-sdk/src/rp2_common/pico_standard_link/crt0.S.obj

.flash_end      0x00000000100050e4        0x0
                0x00000000100050e4                __flash_binary_end = .
                0x0000000020040000                __StackLimit = (ORIGIN (RAM) + LENGTH (RAM))
                0x0000000020041000                __StackOneTop = (ORIGIN (SCRATCH_X) + LENGTH (SCRATCH_X))
                0x0000000020042000                __StackTop = (ORIGIN (SCRATCH_Y) + LENGTH (SCRATCH_Y))
                0x0000000020041000                __StackOneBottom = (__StackOneTop - SIZEOF (.stack1_dummy))
                0x0000000020041800                __StackBottom = (__StackTop - SIZEOF (.stack_dummy))
                0x0000000020042000                PROVIDE (__stack = __StackTop)
                0x0000000000000001                ASSERT ((__StackLimit >= __HeapLimit), region RAM overflowed)
                0x0000000000000001                ASSERT (((__binary_info_header_end - __logical_binary_start) <= 0x100), Binary info must be in first 256 bytes of the binary)
LOAD main/CMakeFiles/main.dir/main.c.obj
LOAD main/CMakeFiles/main.dir/home/gaston/raspberry_pico/pico/pico-sdk/src/rp2_common/pico_stdlib/stdlib.c.obj
LOAD main/CMakeFiles/main.dir/home/gaston/raspberry_pico/pico/pico-sdk/src/rp2_common/hardware_gpio/gpio.c.obj
LOAD main/CMakeFiles/main.dir/home/gaston/raspberry_pico/pico/pico-sdk/src/rp2_common/hardware_claim/claim.c.obj
LOAD main/CMakeFiles/main.dir/home/gaston/raspberry_pico/pico/pico-sdk/src/rp2_common/pico_platform/platform.c.obj
LOAD main/CMakeFiles/main.dir/home/gaston/raspberry_pico/pico/pico-sdk/src/rp2_common/hardware_sync/sync.c.obj
LOAD main/CMakeFiles/main.dir/home/gaston/raspberry_pico/pico/pico-sdk/src/rp2_common/hardware_irq/irq.c.obj
LOAD main/CMakeFiles/main.dir/home/gaston/raspberry_pico/pico/pico-sdk/src/rp2_common/hardware_irq/irq_handler_chain.S.obj
LOAD main/CMakeFiles/main.dir/home/gaston/raspberry_pico/pico/pico-sdk/src/common/pico_sync/sem.c.obj
LOAD main/CMakeFiles/main.dir/home/gaston/raspberry_pico/pico/pico-sdk/src/common/pico_sync/lock_core.c.obj
LOAD main/CMakeFiles/main.dir/home/gaston/raspberry_pico/pico/pico-sdk/src/common/pico_time/time.c.obj
LOAD main/CMakeFiles/main.dir/home/gaston/raspberry_pico/pico/pico-sdk/src/common/pico_time/timeout_helper.c.obj
LOAD main/CMakeFiles/main.dir/home/gaston/raspberry_pico/pico/pico-sdk/src/rp2_common/hardware_timer/timer.c.obj
LOAD main/CMakeFiles/main.dir/home/gaston/raspberry_pico/pico/pico-sdk/src/common/pico_util/datetime.c.obj
LOAD main/CMakeFiles/main.dir/home/gaston/raspberry_pico/pico/pico-sdk/src/common/pico_util/pheap.c.obj
LOAD main/CMakeFiles/main.dir/home/gaston/raspberry_pico/pico/pico-sdk/src/common/pico_util/queue.c.obj
LOAD main/CMakeFiles/main.dir/home/gaston/raspberry_pico/pico/pico-sdk/src/common/pico_sync/mutex.c.obj
LOAD main/CMakeFiles/main.dir/home/gaston/raspberry_pico/pico/pico-sdk/src/common/pico_sync/critical_section.c.obj
LOAD main/CMakeFiles/main.dir/home/gaston/raspberry_pico/pico/pico-sdk/src/rp2_common/hardware_uart/uart.c.obj
LOAD main/CMakeFiles/main.dir/home/gaston/raspberry_pico/pico/pico-sdk/src/rp2_common/hardware_divider/divider.S.obj
LOAD main/CMakeFiles/main.dir/home/gaston/raspberry_pico/pico/pico-sdk/src/rp2_common/pico_runtime/runtime.c.obj
LOAD main/CMakeFiles/main.dir/home/gaston/raspberry_pico/pico/pico-sdk/src/rp2_common/hardware_clocks/clocks.c.obj
LOAD main/CMakeFiles/main.dir/home/gaston/raspberry_pico/pico/pico-sdk/src/rp2_common/hardware_pll/pll.c.obj
LOAD main/CMakeFiles/main.dir/home/gaston/raspberry_pico/pico/pico-sdk/src/rp2_common/hardware_vreg/vreg.c.obj
LOAD main/CMakeFiles/main.dir/home/gaston/raspberry_pico/pico/pico-sdk/src/rp2_common/hardware_watchdog/watchdog.c.obj
LOAD main/CMakeFiles/main.dir/home/gaston/raspberry_pico/pico/pico-sdk/src/rp2_common/hardware_xosc/xosc.c.obj
LOAD main/CMakeFiles/main.dir/home/gaston/raspberry_pico/pico/pico-sdk/src/rp2_common/pico_printf/printf.c.obj
LOAD main/CMakeFiles/main.dir/home/gaston/raspberry_pico/pico/pico-sdk/src/rp2_common/pico_bit_ops/bit_ops_aeabi.S.obj
LOAD main/CMakeFiles/main.dir/home/gaston/raspberry_pico/pico/pico-sdk/src/rp2_common/pico_bootrom/bootrom.c.obj
LOAD main/CMakeFiles/main.dir/home/gaston/raspberry_pico/pico/pico-sdk/src/rp2_common/pico_divider/divider.S.obj
LOAD main/CMakeFiles/main.dir/home/gaston/raspberry_pico/pico/pico-sdk/src/rp2_common/pico_double/double_aeabi.S.obj
LOAD main/CMakeFiles/main.dir/home/gaston/raspberry_pico/pico/pico-sdk/src/rp2_common/pico_double/double_init_rom.c.obj
LOAD main/CMakeFiles/main.dir/home/gaston/raspberry_pico/pico/pico-sdk/src/rp2_common/pico_double/double_math.c.obj
LOAD main/CMakeFiles/main.dir/home/gaston/raspberry_pico/pico/pico-sdk/src/rp2_common/pico_double/double_v1_rom_shim.S.obj
LOAD main/CMakeFiles/main.dir/home/gaston/raspberry_pico/pico/pico-sdk/src/rp2_common/pico_int64_ops/pico_int64_ops_aeabi.S.obj
LOAD main/CMakeFiles/main.dir/home/gaston/raspberry_pico/pico/pico-sdk/src/rp2_common/pico_float/float_aeabi.S.obj
LOAD main/CMakeFiles/main.dir/home/gaston/raspberry_pico/pico/pico-sdk/src/rp2_common/pico_float/float_init_rom.c.obj
LOAD main/CMakeFiles/main.dir/home/gaston/raspberry_pico/pico/pico-sdk/src/rp2_common/pico_float/float_math.c.obj
LOAD main/CMakeFiles/main.dir/home/gaston/raspberry_pico/pico/pico-sdk/src/rp2_common/pico_float/float_v1_rom_shim.S.obj
LOAD main/CMakeFiles/main.dir/home/gaston/raspberry_pico/pico/pico-sdk/src/rp2_common/pico_malloc/pico_malloc.c.obj
LOAD main/CMakeFiles/main.dir/home/gaston/raspberry_pico/pico/pico-sdk/src/rp2_common/pico_mem_ops/mem_ops_aeabi.S.obj
LOAD main/CMakeFiles/main.dir/home/gaston/raspberry_pico/pico/pico-sdk/src/rp2_common/pico_standard_link/crt0.S.obj
LOAD main/CMakeFiles/main.dir/home/gaston/raspberry_pico/pico/pico-sdk/src/rp2_common/pico_standard_link/new_delete.cpp.obj
LOAD main/CMakeFiles/main.dir/home/gaston/raspberry_pico/pico/pico-sdk/src/rp2_common/pico_standard_link/binary_info.c.obj
LOAD main/CMakeFiles/main.dir/home/gaston/raspberry_pico/pico/pico-sdk/src/rp2_common/pico_stdio/stdio.c.obj
LOAD main/CMakeFiles/main.dir/home/gaston/raspberry_pico/pico/pico-sdk/src/rp2_common/pico_stdio_usb/reset_interface.c.obj
LOAD main/CMakeFiles/main.dir/home/gaston/raspberry_pico/pico/pico-sdk/src/rp2_common/pico_stdio_usb/stdio_usb.c.obj
LOAD main/CMakeFiles/main.dir/home/gaston/raspberry_pico/pico/pico-sdk/src/rp2_common/pico_stdio_usb/stdio_usb_descriptors.c.obj
LOAD main/CMakeFiles/main.dir/home/gaston/raspberry_pico/pico/pico-sdk/lib/tinyusb/src/portable/raspberrypi/rp2040/dcd_rp2040.c.obj
LOAD main/CMakeFiles/main.dir/home/gaston/raspberry_pico/pico/pico-sdk/lib/tinyusb/src/portable/raspberrypi/rp2040/rp2040_usb.c.obj
LOAD main/CMakeFiles/main.dir/home/gaston/raspberry_pico/pico/pico-sdk/lib/tinyusb/src/device/usbd.c.obj
LOAD main/CMakeFiles/main.dir/home/gaston/raspberry_pico/pico/pico-sdk/lib/tinyusb/src/device/usbd_control.c.obj
LOAD main/CMakeFiles/main.dir/home/gaston/raspberry_pico/pico/pico-sdk/lib/tinyusb/src/class/audio/audio_device.c.obj
LOAD main/CMakeFiles/main.dir/home/gaston/raspberry_pico/pico/pico-sdk/lib/tinyusb/src/class/cdc/cdc_device.c.obj
LOAD main/CMakeFiles/main.dir/home/gaston/raspberry_pico/pico/pico-sdk/lib/tinyusb/src/class/dfu/dfu_device.c.obj
LOAD main/CMakeFiles/main.dir/home/gaston/raspberry_pico/pico/pico-sdk/lib/tinyusb/src/class/dfu/dfu_rt_device.c.obj
LOAD main/CMakeFiles/main.dir/home/gaston/raspberry_pico/pico/pico-sdk/lib/tinyusb/src/class/hid/hid_device.c.obj
LOAD main/CMakeFiles/main.dir/home/gaston/raspberry_pico/pico/pico-sdk/lib/tinyusb/src/class/midi/midi_device.c.obj
LOAD main/CMakeFiles/main.dir/home/gaston/raspberry_pico/pico/pico-sdk/lib/tinyusb/src/class/msc/msc_device.c.obj
LOAD main/CMakeFiles/main.dir/home/gaston/raspberry_pico/pico/pico-sdk/lib/tinyusb/src/class/net/ecm_rndis_device.c.obj
LOAD main/CMakeFiles/main.dir/home/gaston/raspberry_pico/pico/pico-sdk/lib/tinyusb/src/class/net/ncm_device.c.obj
LOAD main/CMakeFiles/main.dir/home/gaston/raspberry_pico/pico/pico-sdk/lib/tinyusb/src/class/usbtmc/usbtmc_device.c.obj
LOAD main/CMakeFiles/main.dir/home/gaston/raspberry_pico/pico/pico-sdk/lib/tinyusb/src/class/vendor/vendor_device.c.obj
LOAD main/CMakeFiles/main.dir/home/gaston/raspberry_pico/pico/pico-sdk/lib/tinyusb/src/class/video/video_device.c.obj
LOAD main/CMakeFiles/main.dir/home/gaston/raspberry_pico/pico/pico-sdk/lib/tinyusb/src/tusb.c.obj
LOAD main/CMakeFiles/main.dir/home/gaston/raspberry_pico/pico/pico-sdk/lib/tinyusb/src/common/tusb_fifo.c.obj
LOAD main/CMakeFiles/main.dir/home/gaston/raspberry_pico/pico/pico-sdk/src/rp2_common/pico_fix/rp2040_usb_device_enumeration/rp2040_usb_device_enumeration.c.obj
LOAD main/CMakeFiles/main.dir/home/gaston/raspberry_pico/pico/pico-sdk/src/rp2_common/pico_unique_id/unique_id.c.obj
LOAD main/CMakeFiles/main.dir/home/gaston/raspberry_pico/pico/pico-sdk/src/rp2_common/hardware_flash/flash.c.obj
LOAD app/dht11/libdht11.a
LOAD /tmp/cchinseC.o
LOAD /usr/lib/gcc/arm-none-eabi/10.3.1/../../../arm-none-eabi/lib/thumb/v6-m/nofp/libstdc++.a
LOAD /usr/lib/gcc/arm-none-eabi/10.3.1/../../../arm-none-eabi/lib/thumb/v6-m/nofp/libm.a
START GROUP
LOAD /usr/lib/gcc/arm-none-eabi/10.3.1/thumb/v6-m/nofp/libgcc.a
LOAD /usr/lib/gcc/arm-none-eabi/10.3.1/../../../arm-none-eabi/lib/thumb/v6-m/nofp/libg.a
LOAD /usr/lib/gcc/arm-none-eabi/10.3.1/../../../arm-none-eabi/lib/thumb/v6-m/nofp/libc.a
END GROUP
START GROUP
LOAD /usr/lib/gcc/arm-none-eabi/10.3.1/thumb/v6-m/nofp/libgcc.a
LOAD /usr/lib/gcc/arm-none-eabi/10.3.1/../../../arm-none-eabi/lib/thumb/v6-m/nofp/libc.a
LOAD /usr/lib/gcc/arm-none-eabi/10.3.1/../../../arm-none-eabi/lib/thumb/v6-m/nofp/libnosys.a
END GROUP
LOAD /usr/lib/gcc/arm-none-eabi/10.3.1/thumb/v6-m/nofp/crtend.o
LOAD /usr/lib/gcc/arm-none-eabi/10.3.1/thumb/v6-m/nofp/crtn.o
OUTPUT(main/main.elf elf32-littlearm)
LOAD linker stubs

.ARM.attributes
                0x0000000000000000       0x28
 .ARM.attributes
                0x0000000000000000       0x1e /usr/lib/gcc/arm-none-eabi/10.3.1/thumb/v6-m/nofp/crti.o
 .ARM.attributes
                0x000000000000001e       0x2c /usr/lib/gcc/arm-none-eabi/10.3.1/thumb/v6-m/nofp/crtbegin.o
 .ARM.attributes
                0x000000000000004a       0x2c main/CMakeFiles/main.dir/main.c.obj
 .ARM.attributes
                0x0000000000000076       0x2c main/CMakeFiles/main.dir/home/gaston/raspberry_pico/pico/pico-sdk/src/rp2_common/hardware_claim/claim.c.obj
 .ARM.attributes
                0x00000000000000a2       0x2c main/CMakeFiles/main.dir/home/gaston/raspberry_pico/pico/pico-sdk/src/rp2_common/pico_platform/platform.c.obj
 .ARM.attributes
                0x00000000000000ce       0x2c main/CMakeFiles/main.dir/home/gaston/raspberry_pico/pico/pico-sdk/src/rp2_common/hardware_sync/sync.c.obj
 .ARM.attributes
                0x00000000000000fa       0x2c main/CMakeFiles/main.dir/home/gaston/raspberry_pico/pico/pico-sdk/src/rp2_common/hardware_irq/irq.c.obj
 .ARM.attributes
                0x0000000000000126       0x22 main/CMakeFiles/main.dir/home/gaston/raspberry_pico/pico/pico-sdk/src/rp2_common/hardware_irq/irq_handler_chain.S.obj
 .ARM.attributes
                0x0000000000000148       0x2c main/CMakeFiles/main.dir/home/gaston/raspberry_pico/pico/pico-sdk/src/common/pico_sync/lock_core.c.obj
 .ARM.attributes
                0x0000000000000174       0x2c main/CMakeFiles/main.dir/home/gaston/raspberry_pico/pico/pico-sdk/src/common/pico_time/time.c.obj
 .ARM.attributes
                0x00000000000001a0       0x2c main/CMakeFiles/main.dir/home/gaston/raspberry_pico/pico/pico-sdk/src/rp2_common/hardware_timer/timer.c.obj
 .ARM.attributes
                0x00000000000001cc       0x2c main/CMakeFiles/main.dir/home/gaston/raspberry_pico/pico/pico-sdk/src/common/pico_util/pheap.c.obj
 .ARM.attributes
                0x00000000000001f8       0x2c main/CMakeFiles/main.dir/home/gaston/raspberry_pico/pico/pico-sdk/src/common/pico_sync/mutex.c.obj
 .ARM.attributes
                0x0000000000000224       0x2c main/CMakeFiles/main.dir/home/gaston/raspberry_pico/pico/pico-sdk/src/rp2_common/pico_runtime/runtime.c.obj
 .ARM.attributes
                0x0000000000000250       0x2c main/CMakeFiles/main.dir/home/gaston/raspberry_pico/pico/pico-sdk/src/rp2_common/hardware_clocks/clocks.c.obj
 .ARM.attributes
                0x000000000000027c       0x2c main/CMakeFiles/main.dir/home/gaston/raspberry_pico/pico/pico-sdk/src/rp2_common/hardware_pll/pll.c.obj
 .ARM.attributes
                0x00000000000002a8       0x2c main/CMakeFiles/main.dir/home/gaston/raspberry_pico/pico/pico-sdk/src/rp2_common/hardware_watchdog/watchdog.c.obj
 .ARM.attributes
                0x00000000000002d4       0x2c main/CMakeFiles/main.dir/home/gaston/raspberry_pico/pico/pico-sdk/src/rp2_common/hardware_xosc/xosc.c.obj
 .ARM.attributes
                0x0000000000000300       0x2c main/CMakeFiles/main.dir/home/gaston/raspberry_pico/pico/pico-sdk/src/rp2_common/pico_printf/printf.c.obj
 .ARM.attributes
                0x000000000000032c       0x22 main/CMakeFiles/main.dir/home/gaston/raspberry_pico/pico/pico-sdk/src/rp2_common/pico_bit_ops/bit_ops_aeabi.S.obj
 .ARM.attributes
                0x000000000000034e       0x2c main/CMakeFiles/main.dir/home/gaston/raspberry_pico/pico/pico-sdk/src/rp2_common/pico_bootrom/bootrom.c.obj
 .ARM.attributes
                0x000000000000037a       0x22 main/CMakeFiles/main.dir/home/gaston/raspberry_pico/pico/pico-sdk/src/rp2_common/pico_divider/divider.S.obj
 .ARM.attributes
                0x000000000000039c       0x22 main/CMakeFiles/main.dir/home/gaston/raspberry_pico/pico/pico-sdk/src/rp2_common/pico_double/double_aeabi.S.obj
 .ARM.attributes
                0x00000000000003be       0x2c main/CMakeFiles/main.dir/home/gaston/raspberry_pico/pico/pico-sdk/src/rp2_common/pico_double/double_init_rom.c.obj
 .ARM.attributes
                0x00000000000003ea       0x22 main/CMakeFiles/main.dir/home/gaston/raspberry_pico/pico/pico-sdk/src/rp2_common/pico_double/double_v1_rom_shim.S.obj
 .ARM.attributes
                0x000000000000040c       0x22 main/CMakeFiles/main.dir/home/gaston/raspberry_pico/pico/pico-sdk/src/rp2_common/pico_float/float_aeabi.S.obj
 .ARM.attributes
                0x000000000000042e       0x2c main/CMakeFiles/main.dir/home/gaston/raspberry_pico/pico/pico-sdk/src/rp2_common/pico_float/float_init_rom.c.obj
 .ARM.attributes
                0x000000000000045a       0x22 main/CMakeFiles/main.dir/home/gaston/raspberry_pico/pico/pico-sdk/src/rp2_common/pico_float/float_v1_rom_shim.S.obj
 .ARM.attributes
                0x000000000000047c       0x22 main/CMakeFiles/main.dir/home/gaston/raspberry_pico/pico/pico-sdk/src/rp2_common/pico_mem_ops/mem_ops_aeabi.S.obj
 .ARM.attributes
                0x000000000000049e       0x22 main/CMakeFiles/main.dir/home/gaston/raspberry_pico/pico/pico-sdk/src/rp2_common/pico_standard_link/crt0.S.obj
 .ARM.attributes
                0x00000000000004c0       0x32 main/CMakeFiles/main.dir/home/gaston/raspberry_pico/pico/pico-sdk/src/rp2_common/pico_standard_link/binary_info.c.obj
 .ARM.attributes
                0x00000000000004f2       0x2c main/CMakeFiles/main.dir/home/gaston/raspberry_pico/pico/pico-sdk/src/rp2_common/pico_stdio/stdio.c.obj
 .ARM.attributes
                0x000000000000051e       0x2c main/CMakeFiles/main.dir/home/gaston/raspberry_pico/pico/pico-sdk/src/rp2_common/pico_unique_id/unique_id.c.obj
 .ARM.attributes
                0x000000000000054a       0x2c main/CMakeFiles/main.dir/home/gaston/raspberry_pico/pico/pico-sdk/src/rp2_common/hardware_flash/flash.c.obj
 .ARM.attributes
                0x0000000000000576       0x22 /tmp/cchinseC.o
 .ARM.attributes
                0x0000000000000598       0x1e /usr/lib/gcc/arm-none-eabi/10.3.1/thumb/v6-m/nofp/libgcc.a(_dvmd_tls.o)
 .ARM.attributes
                0x00000000000005b6       0x2c /usr/lib/gcc/arm-none-eabi/10.3.1/../../../arm-none-eabi/lib/thumb/v6-m/nofp/libg.a(lib_a-strlen-stub.o)
 .ARM.attributes
                0x00000000000005e2       0x2c /usr/lib/gcc/arm-none-eabi/10.3.1/thumb/v6-m/nofp/crtend.o

.comment        0x0000000000000000       0x33
 .comment       0x0000000000000000       0x33 /usr/lib/gcc/arm-none-eabi/10.3.1/thumb/v6-m/nofp/crtbegin.o
                                         0x34 (size before relaxing)
 .comment       0x0000000000000033       0x34 main/CMakeFiles/main.dir/main.c.obj
 .comment       0x0000000000000033       0x34 main/CMakeFiles/main.dir/home/gaston/raspberry_pico/pico/pico-sdk/src/rp2_common/hardware_claim/claim.c.obj
 .comment       0x0000000000000033       0x34 main/CMakeFiles/main.dir/home/gaston/raspberry_pico/pico/pico-sdk/src/rp2_common/pico_platform/platform.c.obj
 .comment       0x0000000000000033       0x34 main/CMakeFiles/main.dir/home/gaston/raspberry_pico/pico/pico-sdk/src/rp2_common/hardware_sync/sync.c.obj
 .comment       0x0000000000000033       0x34 main/CMakeFiles/main.dir/home/gaston/raspberry_pico/pico/pico-sdk/src/rp2_common/hardware_irq/irq.c.obj
 .comment       0x0000000000000033       0x34 main/CMakeFiles/main.dir/home/gaston/raspberry_pico/pico/pico-sdk/src/common/pico_sync/lock_core.c.obj
 .comment       0x0000000000000033       0x34 main/CMakeFiles/main.dir/home/gaston/raspberry_pico/pico/pico-sdk/src/common/pico_time/time.c.obj
 .comment       0x0000000000000033       0x34 main/CMakeFiles/main.dir/home/gaston/raspberry_pico/pico/pico-sdk/src/rp2_common/hardware_timer/timer.c.obj
 .comment       0x0000000000000033       0x34 main/CMakeFiles/main.dir/home/gaston/raspberry_pico/pico/pico-sdk/src/common/pico_util/pheap.c.obj
 .comment       0x0000000000000033       0x34 main/CMakeFiles/main.dir/home/gaston/raspberry_pico/pico/pico-sdk/src/common/pico_sync/mutex.c.obj
 .comment       0x0000000000000033       0x34 main/CMakeFiles/main.dir/home/gaston/raspberry_pico/pico/pico-sdk/src/rp2_common/pico_runtime/runtime.c.obj
 .comment       0x0000000000000033       0x34 main/CMakeFiles/main.dir/home/gaston/raspberry_pico/pico/pico-sdk/src/rp2_common/hardware_clocks/clocks.c.obj
 .comment       0x0000000000000033       0x34 main/CMakeFiles/main.dir/home/gaston/raspberry_pico/pico/pico-sdk/src/rp2_common/hardware_pll/pll.c.obj
 .comment       0x0000000000000033       0x34 main/CMakeFiles/main.dir/home/gaston/raspberry_pico/pico/pico-sdk/src/rp2_common/hardware_watchdog/watchdog.c.obj
 .comment       0x0000000000000033       0x34 main/CMakeFiles/main.dir/home/gaston/raspberry_pico/pico/pico-sdk/src/rp2_common/hardware_xosc/xosc.c.obj
 .comment       0x0000000000000033       0x34 main/CMakeFiles/main.dir/home/gaston/raspberry_pico/pico/pico-sdk/src/rp2_common/pico_printf/printf.c.obj
 .comment       0x0000000000000033       0x34 main/CMakeFiles/main.dir/home/gaston/raspberry_pico/pico/pico-sdk/src/rp2_common/pico_bootrom/bootrom.c.obj
 .comment       0x0000000000000033       0x34 main/CMakeFiles/main.dir/home/gaston/raspberry_pico/pico/pico-sdk/src/rp2_common/pico_double/double_init_rom.c.obj
 .comment       0x0000000000000033       0x34 main/CMakeFiles/main.dir/home/gaston/raspberry_pico/pico/pico-sdk/src/rp2_common/pico_float/float_init_rom.c.obj
 .comment       0x0000000000000033       0x34 main/CMakeFiles/main.dir/home/gaston/raspberry_pico/pico/pico-sdk/src/rp2_common/pico_standard_link/binary_info.c.obj
 .comment       0x0000000000000033       0x34 main/CMakeFiles/main.dir/home/gaston/raspberry_pico/pico/pico-sdk/src/rp2_common/pico_stdio/stdio.c.obj
 .comment       0x0000000000000033       0x34 main/CMakeFiles/main.dir/home/gaston/raspberry_pico/pico/pico-sdk/src/rp2_common/pico_unique_id/unique_id.c.obj
 .comment       0x0000000000000033       0x34 main/CMakeFiles/main.dir/home/gaston/raspberry_pico/pico/pico-sdk/src/rp2_common/hardware_flash/flash.c.obj
 .comment       0x0000000000000033       0x34 /usr/lib/gcc/arm-none-eabi/10.3.1/../../../arm-none-eabi/lib/thumb/v6-m/nofp/libg.a(lib_a-strlen-stub.o)
 .comment       0x0000000000000033       0x34 /usr/lib/gcc/arm-none-eabi/10.3.1/thumb/v6-m/nofp/crtend.o

.debug_info     0x0000000000000000    0x11a9e
 .debug_info    0x0000000000000000       0x82 main/CMakeFiles/main.dir/main.c.obj
 .debug_info    0x0000000000000082      0x6a3 main/CMakeFiles/main.dir/home/gaston/raspberry_pico/pico/pico-sdk/src/rp2_common/hardware_claim/claim.c.obj
 .debug_info    0x0000000000000725      0x1cb main/CMakeFiles/main.dir/home/gaston/raspberry_pico/pico/pico-sdk/src/rp2_common/pico_platform/platform.c.obj
 .debug_info    0x00000000000008f0      0x576 main/CMakeFiles/main.dir/home/gaston/raspberry_pico/pico/pico-sdk/src/rp2_common/hardware_sync/sync.c.obj
 .debug_info    0x0000000000000e66     0x1c01 main/CMakeFiles/main.dir/home/gaston/raspberry_pico/pico/pico-sdk/src/rp2_common/hardware_irq/irq.c.obj
 .debug_info    0x0000000000002a67      0x198 main/CMakeFiles/main.dir/home/gaston/raspberry_pico/pico/pico-sdk/src/common/pico_sync/lock_core.c.obj
 .debug_info    0x0000000000002bff     0x3aff main/CMakeFiles/main.dir/home/gaston/raspberry_pico/pico/pico-sdk/src/common/pico_time/time.c.obj
 .debug_info    0x00000000000066fe     0x10f8 main/CMakeFiles/main.dir/home/gaston/raspberry_pico/pico/pico-sdk/src/rp2_common/hardware_timer/timer.c.obj
 .debug_info    0x00000000000077f6     0x120c main/CMakeFiles/main.dir/home/gaston/raspberry_pico/pico/pico-sdk/src/common/pico_util/pheap.c.obj
 .debug_info    0x0000000000008a02     0x1ff2 main/CMakeFiles/main.dir/home/gaston/raspberry_pico/pico/pico-sdk/src/common/pico_sync/mutex.c.obj
 .debug_info    0x000000000000a9f4      0xa87 main/CMakeFiles/main.dir/home/gaston/raspberry_pico/pico/pico-sdk/src/rp2_common/pico_runtime/runtime.c.obj
 .debug_info    0x000000000000b47b      0xf33 main/CMakeFiles/main.dir/home/gaston/raspberry_pico/pico/pico-sdk/src/rp2_common/hardware_clocks/clocks.c.obj
 .debug_info    0x000000000000c3ae      0x532 main/CMakeFiles/main.dir/home/gaston/raspberry_pico/pico/pico-sdk/src/rp2_common/hardware_pll/pll.c.obj
 .debug_info    0x000000000000c8e0      0x4ee main/CMakeFiles/main.dir/home/gaston/raspberry_pico/pico/pico-sdk/src/rp2_common/hardware_watchdog/watchdog.c.obj
 .debug_info    0x000000000000cdce      0x1c0 main/CMakeFiles/main.dir/home/gaston/raspberry_pico/pico/pico-sdk/src/rp2_common/hardware_xosc/xosc.c.obj
 .debug_info    0x000000000000cf8e     0x1a47 main/CMakeFiles/main.dir/home/gaston/raspberry_pico/pico/pico-sdk/src/rp2_common/pico_printf/printf.c.obj
 .debug_info    0x000000000000e9d5       0x22 main/CMakeFiles/main.dir/home/gaston/raspberry_pico/pico/pico-sdk/src/rp2_common/pico_bit_ops/bit_ops_aeabi.S.obj
 .debug_info    0x000000000000e9f7      0x258 main/CMakeFiles/main.dir/home/gaston/raspberry_pico/pico/pico-sdk/src/rp2_common/pico_bootrom/bootrom.c.obj
 .debug_info    0x000000000000ec4f       0x22 main/CMakeFiles/main.dir/home/gaston/raspberry_pico/pico/pico-sdk/src/rp2_common/pico_divider/divider.S.obj
 .debug_info    0x000000000000ec71       0x22 main/CMakeFiles/main.dir/home/gaston/raspberry_pico/pico/pico-sdk/src/rp2_common/pico_double/double_aeabi.S.obj
 .debug_info    0x000000000000ec93      0x2a1 main/CMakeFiles/main.dir/home/gaston/raspberry_pico/pico/pico-sdk/src/rp2_common/pico_double/double_init_rom.c.obj
 .debug_info    0x000000000000ef34       0x22 main/CMakeFiles/main.dir/home/gaston/raspberry_pico/pico/pico-sdk/src/rp2_common/pico_double/double_v1_rom_shim.S.obj
 .debug_info    0x000000000000ef56       0x22 main/CMakeFiles/main.dir/home/gaston/raspberry_pico/pico/pico-sdk/src/rp2_common/pico_float/float_aeabi.S.obj
 .debug_info    0x000000000000ef78      0x2bb main/CMakeFiles/main.dir/home/gaston/raspberry_pico/pico/pico-sdk/src/rp2_common/pico_float/float_init_rom.c.obj
 .debug_info    0x000000000000f233       0x22 main/CMakeFiles/main.dir/home/gaston/raspberry_pico/pico/pico-sdk/src/rp2_common/pico_float/float_v1_rom_shim.S.obj
 .debug_info    0x000000000000f255       0x22 main/CMakeFiles/main.dir/home/gaston/raspberry_pico/pico/pico-sdk/src/rp2_common/pico_mem_ops/mem_ops_aeabi.S.obj
 .debug_info    0x000000000000f277       0x22 main/CMakeFiles/main.dir/home/gaston/raspberry_pico/pico/pico-sdk/src/rp2_common/pico_standard_link/crt0.S.obj
 .debug_info    0x000000000000f299      0x2c6 main/CMakeFiles/main.dir/home/gaston/raspberry_pico/pico/pico-sdk/src/rp2_common/pico_standard_link/binary_info.c.obj
 .debug_info    0x000000000000f55f     0x12ee main/CMakeFiles/main.dir/home/gaston/raspberry_pico/pico/pico-sdk/src/rp2_common/pico_stdio/stdio.c.obj
 .debug_info    0x000000000001084d      0x24b main/CMakeFiles/main.dir/home/gaston/raspberry_pico/pico/pico-sdk/src/rp2_common/pico_unique_id/unique_id.c.obj
 .debug_info    0x0000000000010a98      0xef2 main/CMakeFiles/main.dir/home/gaston/raspberry_pico/pico/pico-sdk/src/rp2_common/hardware_flash/flash.c.obj
 .debug_info    0x000000000001198a       0x26 /usr/lib/gcc/arm-none-eabi/10.3.1/thumb/v6-m/nofp/libgcc.a(_dvmd_tls.o)
 .debug_info    0x00000000000119b0       0xee /usr/lib/gcc/arm-none-eabi/10.3.1/../../../arm-none-eabi/lib/thumb/v6-m/nofp/libg.a(lib_a-strlen-stub.o)

.debug_abbrev   0x0000000000000000     0x39a1
 .debug_abbrev  0x0000000000000000       0x44 main/CMakeFiles/main.dir/main.c.obj
 .debug_abbrev  0x0000000000000044      0x2e9 main/CMakeFiles/main.dir/home/gaston/raspberry_pico/pico/pico-sdk/src/rp2_common/hardware_claim/claim.c.obj
 .debug_abbrev  0x000000000000032d       0xeb main/CMakeFiles/main.dir/home/gaston/raspberry_pico/pico/pico-sdk/src/rp2_common/pico_platform/platform.c.obj
 .debug_abbrev  0x0000000000000418      0x21b main/CMakeFiles/main.dir/home/gaston/raspberry_pico/pico/pico-sdk/src/rp2_common/hardware_sync/sync.c.obj
 .debug_abbrev  0x0000000000000633      0x4fc main/CMakeFiles/main.dir/home/gaston/raspberry_pico/pico/pico-sdk/src/rp2_common/hardware_irq/irq.c.obj
 .debug_abbrev  0x0000000000000b2f      0x116 main/CMakeFiles/main.dir/home/gaston/raspberry_pico/pico/pico-sdk/src/common/pico_sync/lock_core.c.obj
 .debug_abbrev  0x0000000000000c45      0x54d main/CMakeFiles/main.dir/home/gaston/raspberry_pico/pico/pico-sdk/src/common/pico_time/time.c.obj
 .debug_abbrev  0x0000000000001192      0x3a2 main/CMakeFiles/main.dir/home/gaston/raspberry_pico/pico/pico-sdk/src/rp2_common/hardware_timer/timer.c.obj
 .debug_abbrev  0x0000000000001534      0x297 main/CMakeFiles/main.dir/home/gaston/raspberry_pico/pico/pico-sdk/src/common/pico_util/pheap.c.obj
 .debug_abbrev  0x00000000000017cb      0x386 main/CMakeFiles/main.dir/home/gaston/raspberry_pico/pico/pico-sdk/src/common/pico_sync/mutex.c.obj
 .debug_abbrev  0x0000000000001b51      0x3aa main/CMakeFiles/main.dir/home/gaston/raspberry_pico/pico/pico-sdk/src/rp2_common/pico_runtime/runtime.c.obj
 .debug_abbrev  0x0000000000001efb      0x3a5 main/CMakeFiles/main.dir/home/gaston/raspberry_pico/pico/pico-sdk/src/rp2_common/hardware_clocks/clocks.c.obj
 .debug_abbrev  0x00000000000022a0      0x1ea main/CMakeFiles/main.dir/home/gaston/raspberry_pico/pico/pico-sdk/src/rp2_common/hardware_pll/pll.c.obj
 .debug_abbrev  0x000000000000248a      0x1a8 main/CMakeFiles/main.dir/home/gaston/raspberry_pico/pico/pico-sdk/src/rp2_common/hardware_watchdog/watchdog.c.obj
 .debug_abbrev  0x0000000000002632      0x109 main/CMakeFiles/main.dir/home/gaston/raspberry_pico/pico/pico-sdk/src/rp2_common/hardware_xosc/xosc.c.obj
 .debug_abbrev  0x000000000000273b      0x384 main/CMakeFiles/main.dir/home/gaston/raspberry_pico/pico/pico-sdk/src/rp2_common/pico_printf/printf.c.obj
 .debug_abbrev  0x0000000000002abf       0x12 main/CMakeFiles/main.dir/home/gaston/raspberry_pico/pico/pico-sdk/src/rp2_common/pico_bit_ops/bit_ops_aeabi.S.obj
 .debug_abbrev  0x0000000000002ad1      0x13b main/CMakeFiles/main.dir/home/gaston/raspberry_pico/pico/pico-sdk/src/rp2_common/pico_bootrom/bootrom.c.obj
 .debug_abbrev  0x0000000000002c0c       0x12 main/CMakeFiles/main.dir/home/gaston/raspberry_pico/pico/pico-sdk/src/rp2_common/pico_divider/divider.S.obj
 .debug_abbrev  0x0000000000002c1e       0x12 main/CMakeFiles/main.dir/home/gaston/raspberry_pico/pico/pico-sdk/src/rp2_common/pico_double/double_aeabi.S.obj
 .debug_abbrev  0x0000000000002c30      0x179 main/CMakeFiles/main.dir/home/gaston/raspberry_pico/pico/pico-sdk/src/rp2_common/pico_double/double_init_rom.c.obj
 .debug_abbrev  0x0000000000002da9       0x12 main/CMakeFiles/main.dir/home/gaston/raspberry_pico/pico/pico-sdk/src/rp2_common/pico_double/double_v1_rom_shim.S.obj
 .debug_abbrev  0x0000000000002dbb       0x12 main/CMakeFiles/main.dir/home/gaston/raspberry_pico/pico/pico-sdk/src/rp2_common/pico_float/float_aeabi.S.obj
 .debug_abbrev  0x0000000000002dcd      0x18c main/CMakeFiles/main.dir/home/gaston/raspberry_pico/pico/pico-sdk/src/rp2_common/pico_float/float_init_rom.c.obj
 .debug_abbrev  0x0000000000002f59       0x12 main/CMakeFiles/main.dir/home/gaston/raspberry_pico/pico/pico-sdk/src/rp2_common/pico_float/float_v1_rom_shim.S.obj
 .debug_abbrev  0x0000000000002f6b       0x12 main/CMakeFiles/main.dir/home/gaston/raspberry_pico/pico/pico-sdk/src/rp2_common/pico_mem_ops/mem_ops_aeabi.S.obj
 .debug_abbrev  0x0000000000002f7d       0x12 main/CMakeFiles/main.dir/home/gaston/raspberry_pico/pico/pico-sdk/src/rp2_common/pico_standard_link/crt0.S.obj
 .debug_abbrev  0x0000000000002f8f       0xad main/CMakeFiles/main.dir/home/gaston/raspberry_pico/pico/pico-sdk/src/rp2_common/pico_standard_link/binary_info.c.obj
 .debug_abbrev  0x000000000000303c      0x4a9 main/CMakeFiles/main.dir/home/gaston/raspberry_pico/pico/pico-sdk/src/rp2_common/pico_stdio/stdio.c.obj
 .debug_abbrev  0x00000000000034e5      0x163 main/CMakeFiles/main.dir/home/gaston/raspberry_pico/pico/pico-sdk/src/rp2_common/pico_unique_id/unique_id.c.obj
 .debug_abbrev  0x0000000000003648      0x2b6 main/CMakeFiles/main.dir/home/gaston/raspberry_pico/pico/pico-sdk/src/rp2_common/hardware_flash/flash.c.obj
 .debug_abbrev  0x00000000000038fe       0x14 /usr/lib/gcc/arm-none-eabi/10.3.1/thumb/v6-m/nofp/libgcc.a(_dvmd_tls.o)
 .debug_abbrev  0x0000000000003912       0x8f /usr/lib/gcc/arm-none-eabi/10.3.1/../../../arm-none-eabi/lib/thumb/v6-m/nofp/libg.a(lib_a-strlen-stub.o)

.debug_aranges  0x0000000000000000      0xcd0
 .debug_aranges
                0x0000000000000000       0x20 main/CMakeFiles/main.dir/main.c.obj
 .debug_aranges
                0x0000000000000020       0x48 main/CMakeFiles/main.dir/home/gaston/raspberry_pico/pico/pico-sdk/src/rp2_common/hardware_claim/claim.c.obj
 .debug_aranges
                0x0000000000000068       0x28 main/CMakeFiles/main.dir/home/gaston/raspberry_pico/pico/pico-sdk/src/rp2_common/pico_platform/platform.c.obj
 .debug_aranges
                0x0000000000000090       0x58 main/CMakeFiles/main.dir/home/gaston/raspberry_pico/pico/pico-sdk/src/rp2_common/hardware_sync/sync.c.obj
 .debug_aranges
                0x00000000000000e8       0xc8 main/CMakeFiles/main.dir/home/gaston/raspberry_pico/pico/pico-sdk/src/rp2_common/hardware_irq/irq.c.obj
 .debug_aranges
                0x00000000000001b0       0x20 main/CMakeFiles/main.dir/home/gaston/raspberry_pico/pico/pico-sdk/src/common/pico_sync/lock_core.c.obj
 .debug_aranges
                0x00000000000001d0       0xd0 main/CMakeFiles/main.dir/home/gaston/raspberry_pico/pico/pico-sdk/src/common/pico_time/time.c.obj
 .debug_aranges
                0x00000000000002a0       0x78 main/CMakeFiles/main.dir/home/gaston/raspberry_pico/pico/pico-sdk/src/rp2_common/hardware_timer/timer.c.obj
 .debug_aranges
                0x0000000000000318       0x78 main/CMakeFiles/main.dir/home/gaston/raspberry_pico/pico/pico-sdk/src/common/pico_util/pheap.c.obj
 .debug_aranges
                0x0000000000000390       0x88 main/CMakeFiles/main.dir/home/gaston/raspberry_pico/pico/pico-sdk/src/common/pico_sync/mutex.c.obj
 .debug_aranges
                0x0000000000000418       0x60 main/CMakeFiles/main.dir/home/gaston/raspberry_pico/pico/pico-sdk/src/rp2_common/pico_runtime/runtime.c.obj
 .debug_aranges
                0x0000000000000478       0x70 main/CMakeFiles/main.dir/home/gaston/raspberry_pico/pico/pico-sdk/src/rp2_common/hardware_clocks/clocks.c.obj
 .debug_aranges
                0x00000000000004e8       0x28 main/CMakeFiles/main.dir/home/gaston/raspberry_pico/pico/pico-sdk/src/rp2_common/hardware_pll/pll.c.obj
 .debug_aranges
                0x0000000000000510       0x58 main/CMakeFiles/main.dir/home/gaston/raspberry_pico/pico/pico-sdk/src/rp2_common/hardware_watchdog/watchdog.c.obj
 .debug_aranges
                0x0000000000000568       0x30 main/CMakeFiles/main.dir/home/gaston/raspberry_pico/pico/pico-sdk/src/rp2_common/hardware_xosc/xosc.c.obj
 .debug_aranges
                0x0000000000000598       0x90 main/CMakeFiles/main.dir/home/gaston/raspberry_pico/pico/pico-sdk/src/rp2_common/pico_printf/printf.c.obj
 .debug_aranges
                0x0000000000000628       0x68 main/CMakeFiles/main.dir/home/gaston/raspberry_pico/pico/pico-sdk/src/rp2_common/pico_bit_ops/bit_ops_aeabi.S.obj
 .debug_aranges
                0x0000000000000690       0x30 main/CMakeFiles/main.dir/home/gaston/raspberry_pico/pico/pico-sdk/src/rp2_common/pico_bootrom/bootrom.c.obj
 .debug_aranges